Component: ARM Compiler 5.06 update 6 (build 750) Tool: armlink [4d35ed]

==============================================================================

Section Cross References

    event_groups.o(i.vEventGroupClearBitsCallback) refers to event_groups.o(i.xEventGroupClearBits) for xEventGroupClearBits
    event_groups.o(i.vEventGroupDelete) refers to tasks.o(i.vTaskSuspendAll) for vTaskSuspendAll
    event_groups.o(i.vEventGroupDelete) refers to tasks.o(i.vTaskRemoveFromUnorderedEventList) for vTaskRemoveFromUnorderedEventList
    event_groups.o(i.vEventGroupDelete) refers to heap_4.o(i.vPortFree) for vPortFree
    event_groups.o(i.vEventGroupDelete) refers to tasks.o(i.xTaskResumeAll) for xTaskResumeAll
    event_groups.o(i.vEventGroupSetBitsCallback) refers to event_groups.o(i.xEventGroupSetBits) for xEventGroupSetBits
    event_groups.o(i.xEventGroupClearBits) refers to port.o(i.vPortEnterCritical) for vPortEnterCritical
    event_groups.o(i.xEventGroupClearBits) refers to port.o(i.vPortExitCritical) for vPortExitCritical
    event_groups.o(i.xEventGroupCreate) refers to heap_4.o(i.pvPortMalloc) for pvPortMalloc
    event_groups.o(i.xEventGroupCreate) refers to list.o(i.vListInitialise) for vListInitialise
    event_groups.o(i.xEventGroupSetBits) refers to tasks.o(i.vTaskSuspendAll) for vTaskSuspendAll
    event_groups.o(i.xEventGroupSetBits) refers to tasks.o(i.vTaskRemoveFromUnorderedEventList) for vTaskRemoveFromUnorderedEventList
    event_groups.o(i.xEventGroupSetBits) refers to tasks.o(i.xTaskResumeAll) for xTaskResumeAll
    event_groups.o(i.xEventGroupSync) refers to tasks.o(i.xTaskGetSchedulerState) for xTaskGetSchedulerState
    event_groups.o(i.xEventGroupSync) refers to tasks.o(i.vTaskSuspendAll) for vTaskSuspendAll
    event_groups.o(i.xEventGroupSync) refers to event_groups.o(i.xEventGroupSetBits) for xEventGroupSetBits
    event_groups.o(i.xEventGroupSync) refers to tasks.o(i.vTaskPlaceOnUnorderedEventList) for vTaskPlaceOnUnorderedEventList
    event_groups.o(i.xEventGroupSync) refers to tasks.o(i.xTaskResumeAll) for xTaskResumeAll
    event_groups.o(i.xEventGroupSync) refers to tasks.o(i.uxTaskResetEventItemValue) for uxTaskResetEventItemValue
    event_groups.o(i.xEventGroupSync) refers to port.o(i.vPortEnterCritical) for vPortEnterCritical
    event_groups.o(i.xEventGroupSync) refers to port.o(i.vPortExitCritical) for vPortExitCritical
    event_groups.o(i.xEventGroupWaitBits) refers to tasks.o(i.xTaskGetSchedulerState) for xTaskGetSchedulerState
    event_groups.o(i.xEventGroupWaitBits) refers to tasks.o(i.vTaskSuspendAll) for vTaskSuspendAll
    event_groups.o(i.xEventGroupWaitBits) refers to event_groups.o(i.prvTestWaitCondition) for prvTestWaitCondition
    event_groups.o(i.xEventGroupWaitBits) refers to tasks.o(i.vTaskPlaceOnUnorderedEventList) for vTaskPlaceOnUnorderedEventList
    event_groups.o(i.xEventGroupWaitBits) refers to tasks.o(i.xTaskResumeAll) for xTaskResumeAll
    event_groups.o(i.xEventGroupWaitBits) refers to tasks.o(i.uxTaskResetEventItemValue) for uxTaskResetEventItemValue
    event_groups.o(i.xEventGroupWaitBits) refers to port.o(i.vPortEnterCritical) for vPortEnterCritical
    event_groups.o(i.xEventGroupWaitBits) refers to port.o(i.vPortExitCritical) for vPortExitCritical
    queue.o(i.pcQueueGetName) refers to queue.o(.bss) for xQueueRegistry
    queue.o(i.prvCopyDataFromQueue) refers to rt_memcpy_v6.o(.text) for __aeabi_memcpy
    queue.o(i.prvCopyDataToQueue) refers to tasks.o(i.xTaskPriorityDisinherit) for xTaskPriorityDisinherit
    queue.o(i.prvCopyDataToQueue) refers to rt_memcpy_v6.o(.text) for __aeabi_memcpy
    queue.o(i.prvInitialiseMutex) refers to queue.o(i.xQueueGenericSend) for xQueueGenericSend
    queue.o(i.prvInitialiseNewQueue) refers to queue.o(i.xQueueGenericReset) for xQueueGenericReset
    queue.o(i.prvIsQueueEmpty) refers to port.o(i.vPortEnterCritical) for vPortEnterCritical
    queue.o(i.prvIsQueueEmpty) refers to port.o(i.vPortExitCritical) for vPortExitCritical
    queue.o(i.prvIsQueueFull) refers to port.o(i.vPortEnterCritical) for vPortEnterCritical
    queue.o(i.prvIsQueueFull) refers to port.o(i.vPortExitCritical) for vPortExitCritical
    queue.o(i.prvUnlockQueue) refers to port.o(i.vPortEnterCritical) for vPortEnterCritical
    queue.o(i.prvUnlockQueue) refers to tasks.o(i.xTaskRemoveFromEventList) for xTaskRemoveFromEventList
    queue.o(i.prvUnlockQueue) refers to tasks.o(i.vTaskMissedYield) for vTaskMissedYield
    queue.o(i.prvUnlockQueue) refers to port.o(i.vPortExitCritical) for vPortExitCritical
    queue.o(i.uxQueueMessagesWaiting) refers to port.o(i.vPortEnterCritical) for vPortEnterCritical
    queue.o(i.uxQueueMessagesWaiting) refers to port.o(i.vPortExitCritical) for vPortExitCritical
    queue.o(i.uxQueueSpacesAvailable) refers to port.o(i.vPortEnterCritical) for vPortEnterCritical
    queue.o(i.uxQueueSpacesAvailable) refers to port.o(i.vPortExitCritical) for vPortExitCritical
[...]
    FreeRTOSv10.2.1\FreeRTOS\Source\queue.c  0x00000000   Number         0  queue.o ABSOLUTE
    FreeRTOSv10.2.1\FreeRTOS\Source\stream_buffer.c 0x00000000   Number         0  stream_buffer.o ABSOLUTE
    FreeRTOSv10.2.1\FreeRTOS\Source\tasks.c  0x00000000   Number         0  tasks.o ABSOLUTE
    FreeRTOSv10.2.1\FreeRTOS\Source\timers.c 0x00000000   Number         0  timers.o ABSOLUTE
    FreeRTOSv10.2.1\\FreeRTOS\\Source\\portable\\RVDS\\ARM_CM4F\\port.c 0x00000000   Number         0  port.o ABSOLUTE
    RTE\Device\STM32F407VGTx\startup_stm32f407xx.s 0x00000000   Number         0  startup_stm32f407xx.o ABSOLUTE
    RTE\Device\STM32F407VGTx\system_stm32f4xx.c 0x00000000   Number         0  system_stm32f4xx.o ABSOLUTE
    RTE\\Device\\STM32F407VGTx\\system_stm32f4xx.c 0x00000000   Number         0  system_stm32f4xx.o ABSOLUTE
    dc.s                                     0x00000000   Number         0  dc.o ABSOLUTE
    main.c                                   0x00000000   Number         0  main.o ABSOLUTE
    main.c                                   0x00000000   Number         0  main.o ABSOLUTE
    RESET                                    0x08000000   Section      392  startup_stm32f407xx.o(RESET)
    !!!main                                  0x08000188   Section        8  __main.o(!!!main)
    !!!scatter                               0x08000190   Section       52  __scatter.o(!!!scatter)
    !!handler_copy                           0x080001c4   Section       26  __scatter_copy.o(!!handler_copy)
    !!handler_zi                             0x080001e0   Section       28  __scatter_zi.o(!!handler_zi)
    .ARM.Collect$$_printf_percent$$00000000  0x080001fc   Section        0  _printf_percent.o(.ARM.Collect$$_printf_percent$$00000000)
    .ARM.Collect$$_printf_percent$$00000014  0x080001fc   Section        6  _printf_s.o(.ARM.Collect$$_printf_percent$$00000014)
    .ARM.Collect$$_printf_percent$$00000017  0x08000202   Section        4  _printf_percent_end.o(.ARM.Collect$$_printf_percent$$00000017)
    .ARM.Collect$$libinit$$00000000          0x08000206   Section        2  libinit.o(.ARM.Collect$$libinit$$00000000)
    .ARM.Collect$$libinit$$00000001          0x08000208   Section        4  libinit2.o(.ARM.Collect$$libinit$$00000001)
    .ARM.Collect$$libinit$$00000004          0x0800020c   Section        0  libinit2.o(.ARM.Collect$$libinit$$00000004)
    .ARM.Collect$$libinit$$00000005          0x0800020c   Section        8  libinit2.o(.ARM.Collect$$libinit$$00000005)
    .ARM.Collect$$libinit$$0000000A          0x08000214   Section        0  libinit2.o(.ARM.Collect$$libinit$$0000000A)
    .ARM.Collect$$libinit$$0000000C          0x08000214   Section        0  libinit2.o(.ARM.Collect$$libinit$$0000000C)
    .ARM.Collect$$libinit$$0000000E          0x08000214   Section        0  libinit2.o(.ARM.Collect$$libinit$$0000000E)
    .ARM.Collect$$libinit$$00000011          0x08000214   Section        0  libinit2.o(.ARM.Collect$$libinit$$00000011)
    .ARM.Collect$$libinit$$00000013          0x08000214   Section        0  libinit2.o(.ARM.Collect$$libinit$$00000013)
    .ARM.Collect$$libinit$$00000015          0x08000214   Section        0  libinit2.o(.ARM.Collect$$libinit$$00000015)
    .ARM.Collect$$libinit$$00000017          0x08000214   Section        0  libinit2.o(.ARM.Collect$$libinit$$00000017)
    .ARM.Collect$$libinit$$00000019          0x08000214   Section        0  libinit2.o(.ARM.Collect$$libinit$$00000019)
    .ARM.Collect$$libinit$$0000001B          0x08000214   Section        0  libinit2.o(.ARM.Collect$$libinit$$0000001B)
    .ARM.Collect$$libinit$$0000001D          0x08000214   Section        0  libinit2.o(.ARM.Collect$$libinit$$0000001D)
    .ARM.Collect$$libinit$$0000001F          0x08000214   Section        0  libinit2.o(.ARM.Collect$$libinit$$0000001F)
    .ARM.Collect$$libinit$$00000021          0x08000214   Section        0  libinit2.o(.ARM.Collect$$libinit$$00000021)
    .ARM.Collect$$libinit$$00000023          0x08000214   Section        0  libinit2.o(.ARM.Collect$$libinit$$00000023)
    .ARM.Collect$$libinit$$00000024          0x08000214   Section        4  libinit2.o(.ARM.Collect$$libinit$$00000024)
    .ARM.Collect$$libinit$$00000025          0x08000218   Section        0  libinit2.o(.ARM.Collect$$libinit$$00000025)
    .ARM.Collect$$libinit$$0000002C          0x08000218   Section        0  libinit2.o(.ARM.Collect$$libinit$$0000002C)
    .ARM.Collect$$libinit$$0000002E          0x08000218   Section        0  libinit2.o(.ARM.Collect$$libinit$$0000002E)
    .ARM.Collect$$libinit$$00000030          0x08000218   Section        0  libinit2.o(.ARM.Collect$$libinit$$00000030)
    .ARM.Collect$$libinit$$00000032          0x08000218   Section        0  libinit2.o(.ARM.Collect$$libinit$$00000032)
    .ARM.Collect$$libinit$$00000033          0x08000218   Section        2  libinit2.o(.ARM.Collect$$libinit$$00000033)
    .ARM.Collect$$libshutdown$$00000000      0x0800021a   Section        2  libshutdown.o(.ARM.Collect$$libshutdown$$00000000)
    .ARM.Collect$$libshutdown$$00000002      0x0800021c   Section        0  libshutdown2.o(.ARM.Collect$$libshutdown$$00000002)
    .ARM.Collect$$libshutdown$$00000003      0x0800021c   Section        4  libshutdown2.o(.ARM.Collect$$libshutdown$$00000003)
    .ARM.Collect$$libshutdown$$00000004      0x08000220   Section        0  libshutdown2.o(.ARM.Collect$$libshutdown$$00000004)
    .ARM.Collect$$libshutdown$$00000007      0x08000220   Section        0  libshutdown2.o(.ARM.Collect$$libshutdown$$00000007)
    .ARM.Collect$$libshutdown$$0000000A      0x08000220   Section        0  libshutdown2.o(.ARM.Collect$$libshutdown$$0000000A)
    .ARM.Collect$$libshutdown$$0000000C      0x08000220   Section        0  libshutdown2.o(.ARM.Collect$$libshutdown$$0000000C)
    .ARM.Collect$$libshutdown$$0000000F      0x08000220   Section        0  libshutdown2.o(.ARM.Collect$$libshutdown$$0000000F)
    .ARM.Collect$$libshutdown$$00000010      0x08000220   Section        2  libshutdown2.o(.ARM.Collect$$libshutdown$$00000010)
    .ARM.Collect$$rtentry$$00000000          0x08000222   Section        0  __rtentry.o(.ARM.Collect$$rtentry$$00000000)
    .ARM.Collect$$rtentry$$00000002          0x08000222   Section        0  __rtentry2.o(.ARM.Collect$$rtentry$$00000002)
    .ARM.Collect$$rtentry$$00000004          0x08000222   Section        6  __rtentry4.o(.ARM.Collect$$rtentry$$00000004)
    .ARM.Collect$$rtentry$$00000009          0x08000228   Section        0  __rtentry2.o(.ARM.Collect$$rtentry$$00000009)
    .ARM.Collect$$rtentry$$0000000A          0x08000228   Section        4  __rtentry2.o(.ARM.Collect$$rtentry$$0000000A)
    .ARM.Collect$$rtentry$$0000000C          0x0800022c   Section        0  __rtentry2.o(.ARM.Collect$$rtentry$$0000000C)
    .ARM.Collect$$rtentry$$0000000D          0x0800022c   Section        8  __rtentry2.o(.ARM.Collect$$rtentry$$0000000D)
    .ARM.Collect$$rtexit$$00000000           0x08000234   Section        2  rtexit.o(.ARM.Collect$$rtexit$$00000000)
    .ARM.Collect$$rtexit$$00000002           0x08000236   Section        0  rtexit2.o(.ARM.Collect$$rtexit$$00000002)
    .ARM.Collect$$rtexit$$00000003           0x08000236   Section        4  rtexit2.o(.ARM.Collect$$rtexit$$00000003)
    .ARM.Collect$$rtexit$$00000004           0x0800023a   Section        6  rtexit2.o(.ARM.Collect$$rtexit$$00000004)
    .emb_text                                0x08000240   Section      190  port.o(.emb_text)
    $v0                                      0x08000240   Number         0  port.o(.emb_text)
    .emb_text                                0x08000300   Section        0  maybetermalloc1.o(.emb_text)
    .text                                    0x08000300   Section       64  startup_stm32f407xx.o(.text)
    $v0                                      0x08000300   Number         0  startup_stm32f407xx.o(.text)
    .text                                    0x08000340   Section        0  noretval__2printf.o(.text)
    .text                                    0x08000358   Section        0  __printf.o(.text)
    .text                                    0x080003c0   Section        0  _printf_str.o(.text)
    .text                                    0x08000412   Section      138  rt_memcpy_v6.o(.text)
    .text                                    0x0800049c   Section       16  aeabi_memset.o(.text)
    .text                                    0x080004ac   Section       78  rt_memclr_w.o(.text)
    .text                                    0x080004fc   Section      128  strcmpv7m.o(.text)
    .text                                    0x0800057c   Section        0  heapauxi.o(.text)
    .text                                    0x08000582   Section        0  _printf_char.o(.text)
    .text                                    0x080005b0   Section        0  _printf_char_file.o(.text)
    .text                                    0x080005d4   Section      100  rt_memcpy_w.o(.text)
    .text                                    0x08000638   Section       68  rt_memclr.o(.text)
    .text                                    0x0800067c   Section        0  _printf_char_common.o(.text)
    _printf_input_char                       0x0800067d   Thumb Code    10  _printf_char_common.o(.text)
    .text                                    0x080006ac   Section        0  ferror.o(.text)
    .text                                    0x080006b4   Section        0  initio.o(.text)
    .text                                    0x080007ec   Section       74  sys_stackheap_outer.o(.text)
    .text                                    0x08000836   Section        0  h1_free.o(.text)
    .text                                    0x08000884   Section        0  flsbuf.o(.text)
    .text                                    0x08000a5a   Section        0  setvbuf.o(.text)
    .text                                    0x08000aa0   Section        0  fopen.o(.text)
    _freopen_locked                          0x08000aa1   Thumb Code     0  fopen.o(.text)
    .text                                    0x08000b8c   Section        0  fclose.o(.text)
    .text                                    0x08000bd8   Section        0  exit.o(.text)
    .text                                    0x08000bea   Section        0  defsig_rtred_outer.o(.text)
    .text                                    0x08000bf8   Section        8  libspace.o(.text)
    .text                                    0x08000c00   Section        8  rt_heap_descriptor_intlibspace.o(.text)
    .text                                    0x08000c08   Section        0  hguard.o(.text)
    .text                                    0x08000c0c   Section        0  init_alloc.o(.text)
    .text                                    0x08000c96   Section        0  h1_alloc.o(.text)
    .text                                    0x08000cf4   Section        0  fseek.o(.text)
    .text                                    0x08000dec   Section        0  stdio.o(.text)
    .text                                    0x08000edc   Section        0  defsig_exit.o(.text)
    .text                                    0x08000ee8   Section        0  defsig_rtred_inner.o(.text)
    .text                                    0x08000f1c   Section        0  sys_exit.o(.text)
    .text                                    0x08000f28   Section        0  h1_init.o(.text)
    .text                                    0x08000f36   Section        0  h1_extend.o(.text)
    .text                                    0x08000f6a   Section        0  ftell.o(.text)
    .text                                    0x08000fac   Section        0  defsig_general.o(.text)
    .text                                    0x08000fde   Section        0  defsig_rtmem_outer.o(.text)
    .text                                    0x08000fec   Section        0  sys_wrch.o(.text)
    .text                                    0x08000ffa   Section        2  use_no_semi.o(.text)
    .text                                    0x08000ffc   Section        0  indicate_semi.o(.text)
    .text                                    0x08000ffc   Section        8  rt_errno_addr_intlibspace.o(.text)
    .text                                    0x08001004   Section        0  defsig_rtmem_inner.o(.text)
    i.ITM_SendChar                           0x08001054   Section        0  retarget_io.o(i.ITM_SendChar)
    i.SysTick_Handler                        0x08001084   Section        0  port.o(i.SysTick_Handler)
    i.SystemCoreClockUpdate                  0x080010b8   Section        0  system_stm32f4xx.o(i.SystemCoreClockUpdate)
    i.SystemInit                             0x08001178   Section        0  system_stm32f4xx.o(i.SystemInit)
    i._sys_close                             0x080011dc   Section        0  retarget_io.o(i._sys_close)
    i._sys_flen                              0x08001202   Section        0  retarget_io.o(i._sys_flen)
    i._sys_istty                             0x08001226   Section        0  retarget_io.o(i._sys_istty)
    i._sys_open                              0x0800124c   Section        0  retarget_io.o(i._sys_open)
    i._sys_seek                              0x080012b4   Section        0  retarget_io.o(i._sys_seek)
    i._sys_write                             0x080012e0   Section        0  retarget_io.o(i._sys_write)
    i.fputc                                  0x08001326   Section        0  fputc.o(i.fputc)
    i.main                                   0x08001340   Section        0  main.o(i.main)
    i.prvAddCurrentTaskToDelayedList         0x080013c8   Section        0  tasks.o(i.prvAddCurrentTaskToDelayedList)
    prvAddCurrentTaskToDelayedList           0x080013c9   Thumb Code   124  tasks.o(i.prvAddCurrentTaskToDelayedList)
    i.prvAddNewTaskToReadyList               0x08001460   Section        0  tasks.o(i.prvAddNewTaskToReadyList)
    prvAddNewTaskToReadyList                 0x08001461   Thumb Code   156  tasks.o(i.prvAddNewTaskToReadyList)
    i.prvCheckForValidListAndQueue           0x08001518   Section        0  timers.o(i.prvCheckForValidListAndQueue)
    prvCheckForValidListAndQueue             0x08001519   Thumb Code    72  timers.o(i.prvCheckForValidListAndQueue)
    i.prvCheckTasksWaitingTermination        0x0800157c   Section        0  tasks.o(i.prvCheckTasksWaitingTermination)
    prvCheckTasksWaitingTermination          0x0800157d   Thumb Code    60  tasks.o(i.prvCheckTasksWaitingTermination)
    i.prvCopyDataFromQueue                   0x080015c4   Section        0  queue.o(i.prvCopyDataFromQueue)
    prvCopyDataFromQueue                     0x080015c5   Thumb Code    42  queue.o(i.prvCopyDataFromQueue)
    i.prvCopyDataToQueue                     0x080015ee   Section        0  queue.o(i.prvCopyDataToQueue)
    prvCopyDataToQueue                       0x080015ef   Thumb Code   126  queue.o(i.prvCopyDataToQueue)
    i.prvDeleteTCB                           0x0800166c   Section        0  tasks.o(i.prvDeleteTCB)
    prvDeleteTCB                             0x0800166d   Thumb Code    18  tasks.o(i.prvDeleteTCB)
    i.prvGetNextExpireTime                   0x08001680   Section        0  timers.o(i.prvGetNextExpireTime)
    prvGetNextExpireTime                     0x08001681   Thumb Code    36  timers.o(i.prvGetNextExpireTime)
    i.prvHeapInit                            0x080016a8   Section        0  heap_4.o(i.prvHeapInit)
    prvHeapInit                              0x080016a9   Thumb Code    98  heap_4.o(i.prvHeapInit)
    i.prvIdleTask                            0x08001724   Section        0  tasks.o(i.prvIdleTask)
    prvIdleTask                              0x08001725   Thumb Code    32  tasks.o(i.prvIdleTask)
    i.prvInitialiseNewQueue                  0x0800174c   Section        0  queue.o(i.prvInitialiseNewQueue)
    prvInitialiseNewQueue                    0x0800174d   Thumb Code    42  queue.o(i.prvInitialiseNewQueue)
    i.prvInitialiseNewTask                   0x08001776   Section        0  tasks.o(i.prvInitialiseNewTask)
    prvInitialiseNewTask                     0x08001777   Thumb Code   192  tasks.o(i.prvInitialiseNewTask)
    i.prvInitialiseTaskLists                 0x08001838   Section        0  tasks.o(i.prvInitialiseTaskLists)
    prvInitialiseTaskLists                   0x08001839   Thumb Code    70  tasks.o(i.prvInitialiseTaskLists)
    i.prvInsertBlockIntoFreeList             0x080018a0   Section        0  heap_4.o(i.prvInsertBlockIntoFreeList)
    prvInsertBlockIntoFreeList               0x080018a1   Thumb Code    96  heap_4.o(i.prvInsertBlockIntoFreeList)
    i.prvInsertTimerInActiveList             0x08001908   Section        0  timers.o(i.prvInsertTimerInActiveList)
    prvInsertTimerInActiveList               0x08001909   Thumb Code    80  timers.o(i.prvInsertTimerInActiveList)
    i.prvIsQueueEmpty                        0x08001960   Section        0  queue.o(i.prvIsQueueEmpty)
    prvIsQueueEmpty                          0x08001961   Thumb Code    26  queue.o(i.prvIsQueueEmpty)
    i.prvIsQueueFull                         0x0800197a   Section        0  queue.o(i.prvIsQueueFull)
    prvIsQueueFull                           0x0800197b   Thumb Code    30  queue.o(i.prvIsQueueFull)
    i.prvProcessExpiredTimer                 0x08001998   Section        0  timers.o(i.prvProcessExpiredTimer)
    prvProcessExpiredTimer                   0x08001999   Thumb Code   112  timers.o(i.prvProcessExpiredTimer)
    i.prvProcessReceivedCommands             0x08001a0c   Section        0  timers.o(i.prvProcessReceivedCommands)
    prvProcessReceivedCommands               0x08001a0d   Thumb Code   312  timers.o(i.prvProcessReceivedCommands)
    i.prvProcessTimerOrBlockTask             0x08001b48   Section        0  timers.o(i.prvProcessTimerOrBlockTask)
    prvProcessTimerOrBlockTask               0x08001b49   Thumb Code   102  timers.o(i.prvProcessTimerOrBlockTask)
    i.prvResetNextTaskUnblockTime            0x08001bbc   Section        0  tasks.o(i.prvResetNextTaskUnblockTime)
    prvResetNextTaskUnblockTime              0x08001bbd   Thumb Code    42  tasks.o(i.prvResetNextTaskUnblockTime)
    i.prvSampleTimeNow                       0x08001bf0   Section        0  timers.o(i.prvSampleTimeNow)
    prvSampleTimeNow                         0x08001bf1   Thumb Code    40  timers.o(i.prvSampleTimeNow)
    i.prvSwitchTimerLists                    0x08001c1c   Section        0  timers.o(i.prvSwitchTimerLists)
    prvSwitchTimerLists                      0x08001c1d   Thumb Code   156  timers.o(i.prvSwitchTimerLists)
    i.prvTaskExitError                       0x08001cc0   Section        0  port.o(i.prvTaskExitError)
    prvTaskExitError                         0x08001cc1   Thumb Code    62  port.o(i.prvTaskExitError)
    i.prvTimerTask                           0x08001d04   Section        0  timers.o(i.prvTimerTask)
    prvTimerTask                             0x08001d05   Thumb Code    26  timers.o(i.prvTimerTask)
    i.prvUnlockQueue                         0x08001d1e   Section        0  queue.o(i.prvUnlockQueue)
    prvUnlockQueue                           0x08001d1f   Thumb Code   126  queue.o(i.prvUnlockQueue)
    i.pvPortMalloc                           0x08001d9c   Section        0  heap_4.o(i.pvPortMalloc)
    i.pxPortInitialiseStack                  0x08001ee8   Section        0  port.o(i.pxPortInitialiseStack)
    i.stdout_putchar                         0x08001f14   Section        0  retarget_io.o(i.stdout_putchar)
    stdout_putchar                           0x08001f15   Thumb Code    12  retarget_io.o(i.stdout_putchar)
    i.uxListRemove                           0x08001f20   Section        0  list.o(i.uxListRemove)
    i.vApplicationMallocFailedHook           0x08001f48   Section        0  main.o(i.vApplicationMallocFailedHook)
    i.vListInitialise                        0x08001f4c   Section        0  list.o(i.vListInitialise)
    i.vListInitialiseItem                    0x08001f66   Section        0  list.o(i.vListInitialiseItem)
    i.vListInsert                            0x08001f6c   Section        0  list.o(i.vListInsert)
    i.vListInsertEnd                         0x08001fa0   Section        0  list.o(i.vListInsertEnd)
    i.vPortEnterCritical                     0x08001fb8   Section        0  port.o(i.vPortEnterCritical)
    i.vPortExitCritical                      0x08002010   Section        0  port.o(i.vPortExitCritical)
    i.vPortFree                              0x08002050   Section        0  heap_4.o(i.vPortFree)
    i.vPortSetupTimerInterrupt               0x080020e8   Section        0  port.o(i.vPortSetupTimerInterrupt)
    i.vPortValidateInterruptPriority         0x08002110   Section        0  port.o(i.vPortValidateInterruptPriority)
    i.vQueueAddToRegistry                    0x0800218c   Section        0  queue.o(i.vQueueAddToRegistry)
    i.vQueueWaitForMessageRestricted         0x080021b8   Section        0  queue.o(i.vQueueWaitForMessageRestricted)
    i.vTask1                                 0x08002204   Section        0  main.o(i.vTask1)
    i.vTask2                                 0x08002244   Section        0  main.o(i.vTask2)
    i.vTaskInternalSetTimeOutState           0x08002284   Section        0  tasks.o(i.vTaskInternalSetTimeOutState)
    i.vTaskMissedYield                       0x0800229c   Section        0  tasks.o(i.vTaskMissedYield)
    i.vTaskPlaceOnEventList                  0x080022a8   Section        0  tasks.o(i.vTaskPlaceOnEventList)
    i.vTaskPlaceOnEventListRestricted        0x080022e4   Section        0  tasks.o(i.vTaskPlaceOnEventListRestricted)
    i.vTaskStartScheduler                    0x08002328   Section        0  tasks.o(i.vTaskStartScheduler)
    i.vTaskSuspendAll                        0x080023bc   Section        0  tasks.o(i.vTaskSuspendAll)
    i.vTaskSwitchContext                     0x080023cc   Section        0  tasks.o(i.vTaskSwitchContext)
    i.xPortStartScheduler                    0x08002458   Section        0  port.o(i.xPortStartScheduler)
    i.xQueueGenericCreate                    0x080025c8   Section        0  queue.o(i.xQueueGenericCreate)
    i.xQueueGenericReset                     0x08002624   Section        0  queue.o(i.xQueueGenericReset)
    i.xQueueGenericSend                      0x080026bc   Section        0  queue.o(i.xQueueGenericSend)
    i.xQueueGenericSendFromISR               0x0800286c   Section        0  queue.o(i.xQueueGenericSendFromISR)
    i.xQueueReceive                          0x0800296c   Section        0  queue.o(i.xQueueReceive)
    i.xTaskCheckForTimeOut                   0x08002adc   Section        0  tasks.o(i.xTaskCheckForTimeOut)
    i.xTaskCreate                            0x08002b6c   Section        0  tasks.o(i.xTaskCreate)
    i.xTaskGetSchedulerState                 0x08002bcc   Section        0  tasks.o(i.xTaskGetSchedulerState)
    i.xTaskGetTickCount                      0x08002bec   Section        0  tasks.o(i.xTaskGetTickCount)
    i.xTaskIncrementTick                     0x08002bf8   Section        0  tasks.o(i.xTaskIncrementTick)
    i.xTaskPriorityDisinherit                0x08002d40   Section        0  tasks.o(i.xTaskPriorityDisinherit)
    i.xTaskRemoveFromEventList               0x08002e0c   Section        0  tasks.o(i.xTaskRemoveFromEventList)
    i.xTaskResumeAll                         0x08002ea8   Section        0  tasks.o(i.xTaskResumeAll)
    i.xTimerCreateTimerTask                  0x08002fb0   Section        0  timers.o(i.xTimerCreateTimerTask)
    i.xTimerGenericCommand                   0x08003008   Section        0  timers.o(i.xTimerGenericCommand)
    x$fpl$fpinit                             0x0800308c   Section       10  fpinit.o(x$fpl$fpinit)
    $v0                                      0x0800308c   Number         0  fpinit.o(x$fpl$fpinit)
    .constdata                               0x08003096   Section       23  retarget_io.o(.constdata)
    .constdata                               0x080030ad   Section       24  system_stm32f4xx.o(.constdata)
    .data                                    0x20000000   Section       60  tasks.o(.data)
    pxDelayedTaskList                        0x20000004   Data           4  tasks.o(.data)
    pxOverflowDelayedTaskList                0x20000008   Data           4  tasks.o(.data)
    uxDeletedTasksWaitingCleanUp             0x2000000c   Data           4  tasks.o(.data)
    uxCurrentNumberOfTasks                   0x20000010   Data           4  tasks.o(.data)
    xTickCount                               0x20000014   Data           4  tasks.o(.data)
    uxTopReadyPriority                       0x20000018   Data           4  tasks.o(.data)
    xSchedulerRunning                        0x2000001c   Data           4  tasks.o(.data)
    uxPendedTicks                            0x20000020   Data           4  tasks.o(.data)
    xYieldPending                            0x20000024   Data           4  tasks.o(.data)
    xNumOfOverflows                          0x20000028   Data           4  tasks.o(.data)
    uxTaskNumber                             0x2000002c   Data           4  tasks.o(.data)
    xNextTaskUnblockTime                     0x20000030   Data           4  tasks.o(.data)
    xIdleTaskHandle                          0x20000034   Data           4  tasks.o(.data)
    uxSchedulerSuspended                     0x20000038   Data           4  tasks.o(.data)
    .data                                    0x2000003c   Section       20  timers.o(.data)
    pxCurrentTimerList                       0x2000003c   Data           4  timers.o(.data)
    pxOverflowTimerList                      0x20000040   Data           4  timers.o(.data)
    xTimerQueue                              0x20000044   Data           4  timers.o(.data)
    xTimerTaskHandle                         0x20000048   Data           4  timers.o(.data)
    xLastTime                                0x2000004c   Data           4  timers.o(.data)
    .data                                    0x20000050   Section       24  heap_4.o(.data)
    xStart                                   0x20000050   Data           8  heap_4.o(.data)
    pxEnd                                    0x20000058   Data           4  heap_4.o(.data)
    xFreeBytesRemaining                      0x2000005c   Data           4  heap_4.o(.data)
    xMinimumEverFreeBytesRemaining           0x20000060   Data           4  heap_4.o(.data)
    xBlockAllocatedBit                       0x20000064   Data           4  heap_4.o(.data)
    .data                                    0x20000068   Section       12  port.o(.data)
    uxCriticalNesting                        0x20000068   Data           4  port.o(.data)
    ucMaxSysCallPriority                     0x2000006c   Data           1  port.o(.data)
    ulMaxPRIGROUPValue                       0x20000070   Data           4  port.o(.data)
    .data                                    0x20000074   Section        4  system_stm32f4xx.o(.data)
    .data                                    0x20000078   Section        4  stdio_streams.o(.data)
    .data                                    0x2000007c   Section        4  stdio_streams.o(.data)
    .data                                    0x20000080   Section        4  stdio_streams.o(.data)
    .bss                                     0x20000084   Section       64  queue.o(.bss)
    .bss                                     0x200000c4   Section      200  tasks.o(.bss)
    pxReadyTasksLists                        0x200000c4   Data         100  tasks.o(.bss)
    xDelayedTaskList1                        0x20000128   Data          20  tasks.o(.bss)
    xDelayedTaskList2                        0x2000013c   Data          20  tasks.o(.bss)
    xPendingReadyList                        0x20000150   Data          20  tasks.o(.bss)
    xTasksWaitingTermination                 0x20000164   Data          20  tasks.o(.bss)
    xSuspendedTaskList                       0x20000178   Data          20  tasks.o(.bss)
    .bss                                     0x2000018c   Section       40  timers.o(.bss)
    xActiveTimerList1                        0x2000018c   Data          20  timers.o(.bss)
    xActiveTimerList2                        0x200001a0   Data          20  timers.o(.bss)
    .bss                                     0x200001b4   Section    40960  heap_4.o(.bss)
    ucHeap                                   0x200001b4   Data       40960  heap_4.o(.bss)
    .bss                                     0x2000a1b4   Section       84  stdio_streams.o(.bss)
    .bss                                     0x2000a208   Section       84  stdio_streams.o(.bss)
    .bss                                     0x2000a25c   Section       84  stdio_streams.o(.bss)
    .bss                                     0x2000a2b0   Section       96  libspace.o(.bss)
    HEAP                                     0x2000a310   Section      512  startup_stm32f407xx.o(HEAP)
    Heap_Mem                                 0x2000a310   Data         512  startup_stm32f407xx.o(HEAP)
    STACK                                    0x2000a510   Section     1024  startup_stm32f407xx.o(STACK)
    Stack_Mem                                0x2000a510   Data        1024  startup_stm32f407xx.o(STACK)
    __initial_sp                             0x2000a910   Data           0  startup_stm32f407xx.o(STACK)

    Global Symbols

    Symbol Name                              Value     Ov Type        Size  Object(Section)

    BuildAttributes$$THM_ISAv4$E$P$D$K$B$S$7EM$VFPi3$EXTD16$VFPS$VFMA$PE$A:L22UL41UL21$X:L11$S22US41US21$IEEE1$IW$USESV6$~STKCKD$USESV7$~SHL$OTIME$ROPI$EBA8$UX$STANDARDLIB$REQ8$PRES8$EABIv2 0x00000000   Number         0  anon$$obj.o ABSOLUTE
    __ARM_use_no_argv                        0x00000000   Number         0  main.o ABSOLUTE
    __ARM_exceptions_init                     - Undefined Weak Reference
    __alloca_initialize                       - Undefined Weak Reference
    __arm_preinit_                            - Undefined Weak Reference
    __cpp_initialize__aeabi_                  - Undefined Weak Reference
    __cxa_finalize                            - Undefined Weak Reference
    __rt_locale                               - Undefined Weak Reference
    __sigvec_lookup                           - Undefined Weak Reference
    __user_heap_extent                        - Undefined Weak Reference
    _atexit_init                              - Undefined Weak Reference
    _call_atexit_fns                          - Undefined Weak Reference
    _clock_init                               - Undefined Weak Reference
    _fp_trap_init                             - Undefined Weak Reference
    _fp_trap_shutdown                         - Undefined Weak Reference
    _get_lc_collate                           - Undefined Weak Reference
    _get_lc_ctype                             - Undefined Weak Reference
    _get_lc_monetary                          - Undefined Weak Reference
    _get_lc_numeric                           - Undefined Weak Reference
    _get_lc_time                              - Undefined Weak Reference
    _getenv_init                              - Undefined Weak Reference
    _handle_redirection                       - Undefined Weak Reference
    _mutex_acquire                            - Undefined Weak Reference
    _mutex_free                               - Undefined Weak Reference
    _mutex_release                            - Undefined Weak Reference
    _printf_mbtowc                            - Undefined Weak Reference
    _printf_post_padding                      - Undefined Weak Reference
    _printf_pre_padding                       - Undefined Weak Reference
    _rand_init                                - Undefined Weak Reference
    _signal_finish                            - Undefined Weak Reference
    _signal_init                              - Undefined Weak Reference
    __Vectors_Size                           0x00000188   Number         0  startup_stm32f407xx.o ABSOLUTE
    __Vectors                                0x08000000   Data           4  startup_stm32f407xx.o(RESET)
    __Vectors_End                            0x08000188   Data           0  startup_stm32f407xx.o(RESET)
    __main                                   0x08000189   Thumb Code     8  __main.o(!!!main)
    __scatterload                            0x08000191   Thumb Code     0  __scatter.o(!!!scatter)
    __scatterload_rt2                        0x08000191   Thumb Code    44  __scatter.o(!!!scatter)
    __scatterload_rt2_thumb_only             0x08000191   Thumb Code     0  __scatter.o(!!!scatter)
    __scatterload_null                       0x0800019f   Thumb Code     0  __scatter.o(!!!scatter)
    __scatterload_copy                       0x080001c5   Thumb Code    26  __scatter_copy.o(!!handler_copy)
    __scatterload_zeroinit                   0x080001e1   Thumb Code    28  __scatter_zi.o(!!handler_zi)
    _printf_percent                          0x080001fd   Thumb Code     0  _printf_percent.o(.ARM.Collect$$_printf_percent$$00000000)
    _printf_s                                0x080001fd   Thumb Code     0  _printf_s.o(.ARM.Collect$$_printf_percent$$00000014)
    _printf_percent_end                      0x08000203   Thumb Code     0  _printf_percent_end.o(.ARM.Collect$$_printf_percent$$00000017)
    __rt_lib_init                            0x08000207   Thumb Code     0  libinit.o(.ARM.Collect$$libinit$$00000000)
    __rt_lib_init_fp_1                       0x08000209   Thumb Code     0  libinit2.o(.ARM.Collect$$libinit$$00000001)
    __rt_lib_init_heap_2                     0x0800020d   Thumb Code     0  libinit2.o(.ARM.Collect$$libinit$$00000005)
    __rt_lib_init_preinit_1                  0x0800020d   Thumb Code     0  libinit2.o(.ARM.Collect$$libinit$$00000004)
    __rt_lib_init_atexit_1                   0x08000215   Thumb Code     0  libinit2.o(.ARM.Collect$$libinit$$0000001B)
    __rt_lib_init_clock_1                    0x08000215   Thumb Code     0  libinit2.o(.ARM.Collect$$libinit$$00000021)
    __rt_lib_init_fp_trap_1                  0x08000215   Thumb Code     0  libinit2.o(.ARM.Collect$$libinit$$0000001F)
    __rt_lib_init_getenv_1                   0x08000215   Thumb Code     0  libinit2.o(.ARM.Collect$$libinit$$00000023)
    __rt_lib_init_heap_1                     0x08000215   Thumb Code     0  libinit2.o(.ARM.Collect$$libinit$$0000000A)
    __rt_lib_init_lc_collate_1               0x08000215   Thumb Code     0  libinit2.o(.ARM.Collect$$libinit$$00000011)
    __rt_lib_init_lc_ctype_1                 0x08000215   Thumb Code     0  libinit2.o(.ARM.Collect$$libinit$$00000013)
    __rt_lib_init_lc_monetary_1              0x08000215   Thumb Code     0  libinit2.o(.ARM.Collect$$libinit$$00000015)
    __rt_lib_init_lc_numeric_1               0x08000215   Thumb Code     0  libinit2.o(.ARM.Collect$$libinit$$00000017)
    __rt_lib_init_lc_time_1                  0x08000215   Thumb Code     0  libinit2.o(.ARM.Collect$$libinit$$00000019)
    __rt_lib_init_rand_1                     0x08000215   Thumb Code     0  libinit2.o(.ARM.Collect$$libinit$$0000000E)
    __rt_lib_init_signal_1                   0x08000215   Thumb Code     0  libinit2.o(.ARM.Collect$$libinit$$0000001D)
    __rt_lib_init_stdio_2                    0x08000215   Thumb Code     0  libinit2.o(.ARM.Collect$$libinit$$00000024)
    __rt_lib_init_user_alloc_1               0x08000215   Thumb Code     0  libinit2.o(.ARM.Collect$$libinit$$0000000C)
    __rt_lib_init_alloca_1                   0x08000219   Thumb Code     0  libinit2.o(.ARM.Collect$$libinit$$0000002E)
    __rt_lib_init_argv_1                     0x08000219   Thumb Code     0  libinit2.o(.ARM.Collect$$libinit$$0000002C)
    __rt_lib_init_cpp_1                      0x08000219   Thumb Code     0  libinit2.o(.ARM.Collect$$libinit$$00000032)
    __rt_lib_init_exceptions_1               0x08000219   Thumb Code     0  libinit2.o(.ARM.Collect$$libinit$$00000030)
    __rt_lib_init_return                     0x08000219   Thumb Code     0  libinit2.o(.ARM.Collect$$libinit$$00000033)
    __rt_lib_init_stdio_1                    0x08000219   Thumb Code     0  libinit2.o(.ARM.Collect$$libinit$$00000025)
    __rt_lib_shutdown                        0x0800021b   Thumb Code     0  libshutdown.o(.ARM.Collect$$libshutdown$$00000000)
    __rt_lib_shutdown_cpp_1                  0x0800021d   Thumb Code     0  libshutdown2.o(.ARM.Collect$$libshutdown$$00000002)
    __rt_lib_shutdown_stdio_2                0x0800021d   Thumb Code     0  libshutdown2.o(.ARM.Collect$$libshutdown$$00000003)
    __rt_lib_shutdown_fp_trap_1              0x08000221   Thumb Code     0  libshutdown2.o(.ARM.Collect$$libshutdown$$00000007)
    __rt_lib_shutdown_heap_1                 0x08000221   Thumb Code     0  libshutdown2.o(.ARM.Collect$$libshutdown$$0000000F)
    __rt_lib_shutdown_return                 0x08000221   Thumb Code     0  libshutdown2.o(.ARM.Collect$$libshutdown$$00000010)
    __rt_lib_shutdown_signal_1               0x08000221   Thumb Code     0  libshutdown2.o(.ARM.Collect$$libshutdown$$0000000A)
    __rt_lib_shutdown_stdio_1                0x08000221   Thumb Code     0  libshutdown2.o(.ARM.Collect$$libshutdown$$00000004)
    __rt_lib_shutdown_user_alloc_1           0x08000221   Thumb Code     0  libshutdown2.o(.ARM.Collect$$libshutdown$$0000000C)
    __rt_entry                               0x08000223   Thumb Code     0  __rtentry.o(.ARM.Collect$$rtentry$$00000000)
    __rt_entry_presh_1                       0x08000223   Thumb Code     0  __rtentry2.o(.ARM.Collect$$rtentry$$00000002)
    __rt_entry_sh                            0x08000223   Thumb Code     0  __rtentry4.o(.ARM.Collect$$rtentry$$00000004)
    __rt_entry_li                            0x08000229   Thumb Code     0  __rtentry2.o(.ARM.Collect$$rtentry$$0000000A)
    __rt_entry_postsh_1                      0x08000229   Thumb Code     0  __rtentry2.o(.ARM.Collect$$rtentry$$00000009)
    __rt_entry_main                          0x0800022d   Thumb Code     0  __rtentry2.o(.ARM.Collect$$rtentry$$0000000D)
    __rt_entry_postli_1                      0x0800022d   Thumb Code     0  __rtentry2.o(.ARM.Collect$$rtentry$$0000000C)
    __rt_exit                                0x08000235   Thumb Code     0  rtexit.o(.ARM.Collect$$rtexit$$00000000)
    __rt_exit_ls                             0x08000237   Thumb Code     0  rtexit2.o(.ARM.Collect$$rtexit$$00000003)
    __rt_exit_prels_1                        0x08000237   Thumb Code     0  rtexit2.o(.ARM.Collect$$rtexit$$00000002)
    __rt_exit_exit                           0x0800023b   Thumb Code     0  rtexit2.o(.ARM.Collect$$rtexit$$00000004)
    SVC_Handler                              0x08000241   Thumb Code    28  port.o(.emb_text)
    __asm___6_port_c_39a90d8d__prvStartFirstTask 0x08000261   Thumb Code    36  port.o(.emb_text)
    __asm___6_port_c_39a90d8d__prvEnableVFP  0x08000289   Thumb Code    16  port.o(.emb_text)
    PendSV_Handler                           0x0800029d   Thumb Code    88  port.o(.emb_text)
    vPortGetIPSR                             0x080002f9   Thumb Code     6  port.o(.emb_text)
    Reset_Handler                            0x08000301   Thumb Code     8  startup_stm32f407xx.o(.text)
    _maybe_terminate_alloc                   0x08000301   Thumb Code     0  maybetermalloc1.o(.emb_text)
    NMI_Handler                              0x08000309   Thumb Code     2  startup_stm32f407xx.o(.text)
    HardFault_Handler                        0x0800030b   Thumb Code     2  startup_stm32f407xx.o(.text)
    MemManage_Handler                        0x0800030d   Thumb Code     2  startup_stm32f407xx.o(.text)
    BusFault_Handler                         0x0800030f   Thumb Code     2  startup_stm32f407xx.o(.text)
    UsageFault_Handler                       0x08000311   Thumb Code     2  startup_stm32f407xx.o(.text)
    DebugMon_Handler                         0x08000315   Thumb Code     2  startup_stm32f407xx.o(.text)
    ADC_IRQHandler                           0x0800031b   Thumb Code     0  startup_stm32f407xx.o(.text)
    CAN1_RX0_IRQHandler                      0x0800031b   Thumb Code     0  startup_stm32f407xx.o(.text)
    CAN1_RX1_IRQHandler                      0x0800031b   Thumb Code     0  startup_stm32f407xx.o(.text)
    CAN1_SCE_IRQHandler                      0x0800031b   Thumb Code     0  startup_stm32f407xx.o(.text)
    CAN1_TX_IRQHandler                       0x0800031b   Thumb Code     0  startup_stm32f407xx.o(.text)
    CAN2_RX0_IRQHandler                      0x0800031b   Thumb Code     0  startup_stm32f407xx.o(.text)
    CAN2_RX1_IRQHandler                      0x0800031b   Thumb Code     0  startup_stm32f407xx.o(.text)
    CAN2_SCE_IRQHandler                      0x0800031b   Thumb Code     0  startup_stm32f407xx.o(.text)
    CAN2_TX_IRQHandler                       0x0800031b   Thumb Code     0  startup_stm32f407xx.o(.text)
    DCMI_IRQHandler                          0x0800031b   Thumb Code     0  startup_stm32f407xx.o(.text)
    DMA1_Stream0_IRQHandler                  0x0800031b   Thumb Code     0  startup_stm32f407xx.o(.text)
    DMA1_Stream1_IRQHandler                  0x0800031b   Thumb Code     0  startup_stm32f407xx.o(.text)
    DMA1_Stream2_IRQHandler                  0x0800031b   Thumb Code     0  startup_stm32f407xx.o(.text)
    DMA1_Stream3_IRQHandler                  0x0800031b   Thumb Code     0  startup_stm32f407xx.o(.text)
    DMA1_Stream4_IRQHandler                  0x0800031b   Thumb Code     0  startup_stm32f407xx.o(.text)
    DMA1_Stream5_IRQHandler                  0x0800031b   Thumb Code     0  startup_stm32f407xx.o(.text)
    DMA1_Stream6_IRQHandler                  0x0800031b   Thumb Code     0  startup_stm32f407xx.o(.text)
    DMA1_Stream7_IRQHandler                  0x0800031b   Thumb Code     0  startup_stm32f407xx.o(.text)
    DMA2_Stream0_IRQHandler                  0x0800031b   Thumb Code     0  startup_stm32f407xx.o(.text)
    DMA2_Stream1_IRQHandler                  0x0800031b   Thumb Code     0  startup_stm32f407xx.o(.text)
    DMA2_Stream2_IRQHandler                  0x0800031b   Thumb Code     0  startup_stm32f407xx.o(.text)
    DMA2_Stream3_IRQHandler                  0x0800031b   Thumb Code     0  startup_stm32f407xx.o(.text)
    DMA2_Stream4_IRQHandler                  0x0800031b   Thumb Code     0  startup_stm32f407xx.o(.text)
    DMA2_Stream5_IRQHandler                  0x0800031b   Thumb Code     0  startup_stm32f407xx.o(.text)
    DMA2_Stream6_IRQHandler                  0x0800031b   Thumb Code     0  startup_stm32f407xx.o(.text)
    DMA2_Stream7_IRQHandler                  0x0800031b   Thumb Code     0  startup_stm32f407xx.o(.text)
    ETH_IRQHandler                           0x0800031b   Thumb Code     0  startup_stm32f407xx.o(.text)
    ETH_WKUP_IRQHandler                      0x0800031b   Thumb Code     0  startup_stm32f407xx.o(.text)
    EXTI0_IRQHandler                         0x0800031b   Thumb Code     0  startup_stm32f407xx.o(.text)
    EXTI15_10_IRQHandler                     0x0800031b   Thumb Code     0  startup_stm32f407xx.o(.text)
    EXTI1_IRQHandler                         0x0800031b   Thumb Code     0  startup_stm32f407xx.o(.text)
    EXTI2_IRQHandler                         0x0800031b   Thumb Code     0  startup_stm32f407xx.o(.text)
    EXTI3_IRQHandler                         0x0800031b   Thumb Code     0  startup_stm32f407xx.o(.text)
    EXTI4_IRQHandler                         0x0800031b   Thumb Code     0  startup_stm32f407xx.o(.text)
    EXTI9_5_IRQHandler                       0x0800031b   Thumb Code     0  startup_stm32f407xx.o(.text)
    FLASH_IRQHandler                         0x0800031b   Thumb Code     0  startup_stm32f407xx.o(.text)
    FMC_IRQHandler                           0x0800031b   Thumb Code     0  startup_stm32f407xx.o(.text)
    FPU_IRQHandler                           0x0800031b   Thumb Code     0  startup_stm32f407xx.o(.text)
    HASH_RNG_IRQHandler                      0x0800031b   Thumb Code     0  startup_stm32f407xx.o(.text)
    I2C1_ER_IRQHandler                       0x0800031b   Thumb Code     0  startup_stm32f407xx.o(.text)
    I2C1_EV_IRQHandler                       0x0800031b   Thumb Code     0  startup_stm32f407xx.o(.text)
    I2C2_ER_IRQHandler                       0x0800031b   Thumb Code     0  startup_stm32f407xx.o(.text)
    I2C2_EV_IRQHandler                       0x0800031b   Thumb Code     0  startup_stm32f407xx.o(.text)
    I2C3_ER_IRQHandler                       0x0800031b   Thumb Code     0  startup_stm32f407xx.o(.text)
    I2C3_EV_IRQHandler                       0x0800031b   Thumb Code     0  startup_stm32f407xx.o(.text)
    OTG_FS_IRQHandler                        0x0800031b   Thumb Code     0  startup_stm32f407xx.o(.text)
    OTG_FS_WKUP_IRQHandler                   0x0800031b   Thumb Code     0  startup_stm32f407xx.o(.text)
    OTG_HS_EP1_IN_IRQHandler                 0x0800031b   Thumb Code     0  startup_stm32f407xx.o(.text)
    OTG_HS_EP1_OUT_IRQHandler                0x0800031b   Thumb Code     0  startup_stm32f407xx.o(.text)
    OTG_HS_IRQHandler                        0x0800031b   Thumb Code     0  startup_stm32f407xx.o(.text)
    OTG_HS_WKUP_IRQHandler                   0x0800031b   Thumb Code     0  startup_stm32f407xx.o(.text)
    PVD_IRQHandler                           0x0800031b   Thumb Code     0  startup_stm32f407xx.o(.text)
    RCC_IRQHandler                           0x0800031b   Thumb Code     0  startup_stm32f407xx.o(.text)
    RTC_Alarm_IRQHandler                     0x0800031b   Thumb Code     0  startup_stm32f407xx.o(.text)
    RTC_WKUP_IRQHandler                      0x0800031b   Thumb Code     0  startup_stm32f407xx.o(.text)
    SDIO_IRQHandler                          0x0800031b   Thumb Code     0  startup_stm32f407xx.o(.text)
    SPI1_IRQHandler                          0x0800031b   Thumb Code     0  startup_stm32f407xx.o(.text)
    SPI2_IRQHandler                          0x0800031b   Thumb Code     0  startup_stm32f407xx.o(.text)
    SPI3_IRQHandler                          0x0800031b   Thumb Code     0  startup_stm32f407xx.o(.text)
    TAMP_STAMP_IRQHandler                    0x0800031b   Thumb Code     0  startup_stm32f407xx.o(.text)
    TIM1_BRK_TIM9_IRQHandler                 0x0800031b   Thumb Code     0  startup_stm32f407xx.o(.text)
    TIM1_CC_IRQHandler                       0x0800031b   Thumb Code     0  startup_stm32f407xx.o(.text)
    TIM1_TRG_COM_TIM11_IRQHandler            0x0800031b   Thumb Code     0  startup_stm32f407xx.o(.text)
    TIM1_UP_TIM10_IRQHandler                 0x0800031b   Thumb Code     0  startup_stm32f407xx.o(.text)
    TIM2_IRQHandler                          0x0800031b   Thumb Code     0  startup_stm32f407xx.o(.text)
    TIM3_IRQHandler                          0x0800031b   Thumb Code     0  startup_stm32f407xx.o(.text)
    TIM4_IRQHandler                          0x0800031b   Thumb Code     0  startup_stm32f407xx.o(.text)
    TIM5_IRQHandler                          0x0800031b   Thumb Code     0  startup_stm32f407xx.o(.text)
    TIM6_DAC_IRQHandler                      0x0800031b   Thumb Code     0  startup_stm32f407xx.o(.text)
    TIM7_IRQHandler                          0x0800031b   Thumb Code     0  startup_stm32f407xx.o(.text)
    TIM8_BRK_TIM12_IRQHandler                0x0800031b   Thumb Code     0  startup_stm32f407xx.o(.text)
    TIM8_CC_IRQHandler                       0x0800031b   Thumb Code     0  startup_stm32f407xx.o(.text)
    TIM8_TRG_COM_TIM14_IRQHandler            0x0800031b   Thumb Code     0  startup_stm32f407xx.o(.text)
    TIM8_UP_TIM13_IRQHandler                 0x0800031b   Thumb Code     0  startup_stm32f407xx.o(.text)
    UART4_IRQHandler                         0x0800031b   Thumb Code     0  startup_stm32f407xx.o(.text)
    UART5_IRQHandler                         0x0800031b   Thumb Code     0  startup_stm32f407xx.o(.text)
    USART1_IRQHandler                        0x0800031b   Thumb Code     0  startup_stm32f407xx.o(.text)
    USART2_IRQHandler                        0x0800031b   Thumb Code     0  startup_stm32f407xx.o(.text)
    USART3_IRQHandler                        0x0800031b   Thumb Code     0  startup_stm32f407xx.o(.text)
    USART6_IRQHandler                        0x0800031b   Thumb Code     0  startup_stm32f407xx.o(.text)
    WWDG_IRQHandler                          0x0800031b   Thumb Code     0  startup_stm32f407xx.o(.text)
    __user_initial_stackheap                 0x0800031d   Thumb Code     0  startup_stm32f407xx.o(.text)
    __2printf                                0x08000341   Thumb Code    20  noretval__2printf.o(.text)
    __printf                                 0x08000359   Thumb Code   104  __printf.o(.text)
    _printf_str                              0x080003c1   Thumb Code    82  _printf_str.o(.text)
    __aeabi_memcpy                           0x08000413   Thumb Code     0  rt_memcpy_v6.o(.text)
    __rt_memcpy                              0x08000413   Thumb Code   138  rt_memcpy_v6.o(.text)
    _memcpy_lastbytes                        0x08000479   Thumb Code     0  rt_memcpy_v6.o(.text)
    __aeabi_memset                           0x0800049d   Thumb Code    16  aeabi_memset.o(.text)
    __aeabi_memclr4                          0x080004ad   Thumb Code     0  rt_memclr_w.o(.text)
    __aeabi_memclr8                          0x080004ad   Thumb Code     0  rt_memclr_w.o(.text)
    __rt_memclr_w                            0x080004ad   Thumb Code    78  rt_memclr_w.o(.text)
    _memset_w                                0x080004b1   Thumb Code     0  rt_memclr_w.o(.text)
    strcmp                                   0x080004fd   Thumb Code   128  strcmpv7m.o(.text)
    __use_two_region_memory                  0x0800057d   Thumb Code     2  heapauxi.o(.text)
    __rt_heap_escrow                         0x0800057f   Thumb Code     2  heapauxi.o(.text)
    __rt_heap_expand                         0x08000581   Thumb Code     2  heapauxi.o(.text)
    _printf_cs_common                        0x08000583   Thumb Code    20  _printf_char.o(.text)
    _printf_char                             0x08000597   Thumb Code    16  _printf_char.o(.text)
    _printf_string                           0x080005a7   Thumb Code     8  _printf_char.o(.text)
    _printf_char_file                        0x080005b1   Thumb Code    32  _printf_char_file.o(.text)
    __aeabi_memcpy4                          0x080005d5   Thumb Code     0  rt_memcpy_w.o(.text)
    __aeabi_memcpy8                          0x080005d5   Thumb Code     0  rt_memcpy_w.o(.text)
    __rt_memcpy_w                            0x080005d5   Thumb Code   100  rt_memcpy_w.o(.text)
    _memcpy_lastbytes_aligned                0x0800061d   Thumb Code     0  rt_memcpy_w.o(.text)
    __aeabi_memclr                           0x08000639   Thumb Code     0  rt_memclr.o(.text)
    __rt_memclr                              0x08000639   Thumb Code    68  rt_memclr.o(.text)
    _memset                                  0x0800063d   Thumb Code     0  rt_memclr.o(.text)
    _printf_char_common                      0x08000687   Thumb Code    32  _printf_char_common.o(.text)
    ferror                                   0x080006ad   Thumb Code     8  ferror.o(.text)
    _initio                                  0x080006b5   Thumb Code   210  initio.o(.text)
    _terminateio                             0x08000787   Thumb Code    56  initio.o(.text)
    __user_setup_stackheap                   0x080007ed   Thumb Code    74  sys_stackheap_outer.o(.text)
    free                                     0x08000837   Thumb Code    78  h1_free.o(.text)
    __flsbuf                                 0x08000885   Thumb Code   470  flsbuf.o(.text)
    __flsbuf_byte                            0x08000885   Thumb Code     0  flsbuf.o(.text)
    __flsbuf_wide                            0x08000885   Thumb Code     0  flsbuf.o(.text)
    setvbuf                                  0x08000a5b   Thumb Code    70  setvbuf.o(.text)
    freopen                                  0x08000aa1   Thumb Code   158  fopen.o(.text)
    fopen                                    0x08000b3f   Thumb Code    74  fopen.o(.text)
    _fclose_internal                         0x08000b8d   Thumb Code    76  fclose.o(.text)
    fclose                                   0x08000b8d   Thumb Code     0  fclose.o(.text)
    exit                                     0x08000bd9   Thumb Code    18  exit.o(.text)
    __rt_SIGRTRED                            0x08000beb   Thumb Code    14  defsig_rtred_outer.o(.text)
    __user_libspace                          0x08000bf9   Thumb Code     8  libspace.o(.text)
    __user_perproc_libspace                  0x08000bf9   Thumb Code     0  libspace.o(.text)
    __user_perthread_libspace                0x08000bf9   Thumb Code     0  libspace.o(.text)
    __rt_heap_descriptor                     0x08000c01   Thumb Code     8  rt_heap_descriptor_intlibspace.o(.text)
    __use_no_heap                            0x08000c09   Thumb Code     2  hguard.o(.text)
    __heap$guard                             0x08000c0b   Thumb Code     2  hguard.o(.text)
    _terminate_user_alloc                    0x08000c0d   Thumb Code     2  init_alloc.o(.text)
    _init_user_alloc                         0x08000c0f   Thumb Code     2  init_alloc.o(.text)
    __Heap_Full                              0x08000c11   Thumb Code    34  init_alloc.o(.text)
    __Heap_Broken                            0x08000c33   Thumb Code     6  init_alloc.o(.text)
    _init_alloc                              0x08000c39   Thumb Code    94  init_alloc.o(.text)
    malloc                                   0x08000c97   Thumb Code    94  h1_alloc.o(.text)
    _fseek                                   0x08000cf5   Thumb Code   242  fseek.o(.text)
    fseek                                    0x08000cf5   Thumb Code     0  fseek.o(.text)
    _seterr                                  0x08000ded   Thumb Code    20  stdio.o(.text)
    _writebuf                                0x08000e01   Thumb Code    84  stdio.o(.text)
    _fflush                                  0x08000e55   Thumb Code    70  stdio.o(.text)
    _deferredlazyseek                        0x08000e9b   Thumb Code    60  stdio.o(.text)
    __sig_exit                               0x08000edd   Thumb Code    10  defsig_exit.o(.text)
    __rt_SIGRTRED_inner                      0x08000ee9   Thumb Code    14  defsig_rtred_inner.o(.text)
    _sys_exit                                0x08000f1d   Thumb Code     8  sys_exit.o(.text)
    __Heap_Initialize                        0x08000f29   Thumb Code    10  h1_init.o(.text)
    __Heap_DescSize                          0x08000f33   Thumb Code     4  h1_init.o(.text)
    __Heap_ProvideMemory                     0x08000f37   Thumb Code    52  h1_extend.o(.text)
    _ftell_internal                          0x08000f6b   Thumb Code    66  ftell.o(.text)
    ftell                                    0x08000f6b   Thumb Code     0  ftell.o(.text)
    __default_signal_display                 0x08000fad   Thumb Code    50  defsig_general.o(.text)
    __rt_SIGRTMEM                            0x08000fdf   Thumb Code    14  defsig_rtmem_outer.o(.text)
    _ttywrch                                 0x08000fed   Thumb Code    14  sys_wrch.o(.text)
    __I$use$semihosting                      0x08000ffb   Thumb Code     0  use_no_semi.o(.text)
    __use_no_semihosting_swi                 0x08000ffb   Thumb Code     2  use_no_semi.o(.text)
    __aeabi_errno_addr                       0x08000ffd   Thumb Code     8  rt_errno_addr_intlibspace.o(.text)
    __errno$intlibspace                      0x08000ffd   Thumb Code     0  rt_errno_addr_intlibspace.o(.text)
    __rt_errno_addr$intlibspace              0x08000ffd   Thumb Code     0  rt_errno_addr_intlibspace.o(.text)
    __semihosting_library_function           0x08000ffd   Thumb Code     0  indicate_semi.o(.text)
    __rt_SIGRTMEM_inner                      0x08001005   Thumb Code    22  defsig_rtmem_inner.o(.text)
    ITM_SendChar                             0x08001055   Thumb Code    42  retarget_io.o(i.ITM_SendChar)
    SysTick_Handler                          0x08001085   Thumb Code    46  port.o(i.SysTick_Handler)
    SystemCoreClockUpdate                    0x080010b9   Thumb Code   170  system_stm32f4xx.o(i.SystemCoreClockUpdate)
    SystemInit                               0x08001179   Thumb Code    82  system_stm32f4xx.o(i.SystemInit)
    _sys_close                               0x080011dd   Thumb Code    38  retarget_io.o(i._sys_close)
    _sys_flen                                0x08001203   Thumb Code    36  retarget_io.o(i._sys_flen)
    _sys_istty                               0x08001227   Thumb Code    36  retarget_io.o(i._sys_istty)
    _sys_open                                0x0800124d   Thumb Code    80  retarget_io.o(i._sys_open)
    _sys_seek                                0x080012b5   Thumb Code    44  retarget_io.o(i._sys_seek)
    _sys_write                               0x080012e1   Thumb Code    70  retarget_io.o(i._sys_write)
    fputc                                    0x08001327   Thumb Code    26  fputc.o(i.fputc)
    main                                     0x08001341   Thumb Code    64  main.o(i.main)
    pvPortMalloc                             0x08001d9d   Thumb Code   312  heap_4.o(i.pvPortMalloc)
    pxPortInitialiseStack                    0x08001ee9   Thumb Code    38  port.o(i.pxPortInitialiseStack)
    uxListRemove                             0x08001f21   Thumb Code    40  list.o(i.uxListRemove)
    vApplicationMallocFailedHook             0x08001f49   Thumb Code     4  main.o(i.vApplicationMallocFailedHook)
    vListInitialise                          0x08001f4d   Thumb Code    26  list.o(i.vListInitialise)
    vListInitialiseItem                      0x08001f67   Thumb Code     6  list.o(i.vListInitialiseItem)
    vListInsert                              0x08001f6d   Thumb Code    52  list.o(i.vListInsert)
    vListInsertEnd                           0x08001fa1   Thumb Code    24  list.o(i.vListInsertEnd)
    vPortEnterCritical                       0x08001fb9   Thumb Code    78  port.o(i.vPortEnterCritical)
    vPortExitCritical                        0x08002011   Thumb Code    58  port.o(i.vPortExitCritical)
    vPortFree                                0x08002051   Thumb Code   144  heap_4.o(i.vPortFree)
    vPortSetupTimerInterrupt                 0x080020e9   Thumb Code    36  port.o(i.vPortSetupTimerInterrupt)
    vPortValidateInterruptPriority           0x08002111   Thumb Code   110  port.o(i.vPortValidateInterruptPriority)
    vQueueAddToRegistry                      0x0800218d   Thumb Code    38  queue.o(i.vQueueAddToRegistry)
    vQueueWaitForMessageRestricted           0x080021b9   Thumb Code    74  queue.o(i.vQueueWaitForMessageRestricted)
    vTask1                                   0x08002205   Thumb Code    36  main.o(i.vTask1)
    vTask2                                   0x08002245   Thumb Code    36  main.o(i.vTask2)
    vTaskInternalSetTimeOutState             0x08002285   Thumb Code    14  tasks.o(i.vTaskInternalSetTimeOutState)
    vTaskMissedYield                         0x0800229d   Thumb Code     8  tasks.o(i.vTaskMissedYield)
    vTaskPlaceOnEventList                    0x080022a9   Thumb Code    54  tasks.o(i.vTaskPlaceOnEventList)
    vTaskPlaceOnEventListRestricted          0x080022e5   Thumb Code    62  tasks.o(i.vTaskPlaceOnEventListRestricted)
    vTaskStartScheduler                      0x08002329   Thumb Code   120  tasks.o(i.vTaskStartScheduler)
    vTaskSuspendAll                          0x080023bd   Thumb Code    12  tasks.o(i.vTaskSuspendAll)
    vTaskSwitchContext                       0x080023cd   Thumb Code   120  tasks.o(i.vTaskSwitchContext)
    xPortStartScheduler                      0x08002459   Thumb Code   338  port.o(i.xPortStartScheduler)
    xQueueGenericCreate                      0x080025c9   Thumb Code    92  queue.o(i.xQueueGenericCreate)
    xQueueGenericReset                       0x08002625   Thumb Code   148  queue.o(i.xQueueGenericReset)
    xQueueGenericSend                        0x080026bd   Thumb Code   428  queue.o(i.xQueueGenericSend)
    xQueueGenericSendFromISR                 0x0800286d   Thumb Code   254  queue.o(i.xQueueGenericSendFromISR)
    xQueueReceive                            0x0800296d   Thumb Code   362  queue.o(i.xQueueReceive)
    xTaskCheckForTimeOut                     0x08002add   Thumb Code   136  tasks.o(i.xTaskCheckForTimeOut)
    xTaskCreate                              0x08002b6d   Thumb Code    96  tasks.o(i.xTaskCreate)
    xTaskGetSchedulerState                   0x08002bcd   Thumb Code    24  tasks.o(i.xTaskGetSchedulerState)
    xTaskGetTickCount                        0x08002bed   Thumb Code     6  tasks.o(i.xTaskGetTickCount)
    xTaskIncrementTick                       0x08002bf9   Thumb Code   284  tasks.o(i.xTaskIncrementTick)
    xTaskPriorityDisinherit                  0x08002d41   Thumb Code   192  tasks.o(i.xTaskPriorityDisinherit)
    xTaskRemoveFromEventList                 0x08002e0d   Thumb Code   130  tasks.o(i.xTaskRemoveFromEventList)
    xTaskResumeAll                           0x08002ea9   Thumb Code   226  tasks.o(i.xTaskResumeAll)
    xTimerCreateTimerTask                    0x08002fb1   Thumb Code    68  timers.o(i.xTimerCreateTimerTask)
    xTimerGenericCommand                     0x08003009   Thumb Code   128  timers.o(i.xTimerGenericCommand)
    _fp_init                                 0x0800308d   Thumb Code    10  fpinit.o(x$fpl$fpinit)
    __fplib_config_fpu_vfp                   0x08003095   Thumb Code     0  fpinit.o(x$fpl$fpinit)
    __fplib_config_pureend_doubles           0x08003095   Thumb Code     0  fpinit.o(x$fpl$fpinit)
    __stdin_name                             0x08003096   Data           7  retarget_io.o(.constdata)
    __stdout_name                            0x0800309d   Data           8  retarget_io.o(.constdata)
    __stderr_name                            0x080030a5   Data           8  retarget_io.o(.constdata)
    AHBPrescTable                            0x080030ad   Data          16  system_stm32f4xx.o(.constdata)
    APBPrescTable                            0x080030bd   Data           8  system_stm32f4xx.o(.constdata)
    Region$$Table$$Base                      0x080030c8   Number         0  anon$$obj.o(Region$$Table)
    Region$$Table$$Limit                     0x080030e8   Number         0  anon$$obj.o(Region$$Table)
    pxCurrentTCB                             0x20000000   Data           4  tasks.o(.data)
    SystemCoreClock                          0x20000074   Data           4  system_stm32f4xx.o(.data)
    __aeabi_stdin                            0x20000078   Data           4  stdio_streams.o(.data)
    __aeabi_stdout                           0x2000007c   Data           4  stdio_streams.o(.data)
    __aeabi_stderr                           0x20000080   Data           4  stdio_streams.o(.data)
    xQueueRegistry                           0x20000084   Data          64  queue.o(.bss)
    __stdin                                  0x2000a1b4   Data          84  stdio_streams.o(.bss)
    __stdout                                 0x2000a208   Data          84  stdio_streams.o(.bss)
    __stderr                                 0x2000a25c   Data          84  stdio_streams.o(.bss)
    __libspace_start                         0x2000a2b0   Data          96  libspace.o(.bss)
    __temporary_stack_top$libspace           0x2000a310   Data           0  libspace.o(.bss)



==============================================================================

Memory Map of the image

  Image Entry point : 0x08000189

  Load Region LR_IROM1 (Base: 0x08000000, Size: 0x0000316c, Max: 0x00100000, ABSOLUTE)

    Execution Region ER_IROM1 (Exec base: 0x08000000, Load base: 0x08000000, Size: 0x000030e8, Max: 0x00100000, ABSOLUTE)

    Exec Addr    Load Addr    Size         Type   Attr      Idx    E Section Name        Object

    0x08000000   0x08000000   0x00000188   Data   RO         2150    RESET               startup_stm32f407xx.o
    0x08000188   0x08000188   0x00000008   Code   RO         2238  * !!!main             c_w.l(__main.o)
    0x08000190   0x08000190   0x00000034   Code   RO         2590    !!!scatter          c_w.l(__scatter.o)
    0x080001c4   0x080001c4   0x0000001a   Code   RO         2592    !!handler_copy      c_w.l(__scatter_copy.o)
    0x080001de   0x080001de   0x00000002   PAD
    0x080001e0   0x080001e0   0x0000001c   Code   RO         2594    !!handler_zi        c_w.l(__scatter_zi.o)
    0x080001fc   0x080001fc   0x00000000   Code   RO         2225    .ARM.Collect$$_printf_percent$$00000000  c_w.l(_printf_percent.o)
    0x080001fc   0x080001fc   0x00000006   Code   RO         2224    .ARM.Collect$$_printf_percent$$00000014  c_w.l(_printf_s.o)
    0x08000202   0x08000202   0x00000004   Code   RO         2249    .ARM.Collect$$_printf_percent$$00000017  c_w.l(_printf_percent_end.o)
    0x08000206   0x08000206   0x00000002   Code   RO         2383    .ARM.Collect$$libinit$$00000000  c_w.l(libinit.o)
    0x08000208   0x08000208   0x00000004   Code   RO         2384    .ARM.Collect$$libinit$$00000001  c_w.l(libinit2.o)
    0x0800020c   0x0800020c   0x00000000   Code   RO         2387    .ARM.Collect$$libinit$$00000004  c_w.l(libinit2.o)
    0x0800020c   0x0800020c   0x00000008   Code   RO         2388    .ARM.Collect$$libinit$$00000005  c_w.l(libinit2.o)
    0x08000214   0x08000214   0x00000000   Code   RO         2390    .ARM.Collect$$libinit$$0000000A  c_w.l(libinit2.o)
    0x08000214   0x08000214   0x00000000   Code   RO         2392    .ARM.Collect$$libinit$$0000000C  c_w.l(libinit2.o)
    0x08000214   0x08000214   0x00000000   Code   RO         2394    .ARM.Collect$$libinit$$0000000E  c_w.l(libinit2.o)
    0x08000214   0x08000214   0x00000000   Code   RO         2397    .ARM.Collect$$libinit$$00000011  c_w.l(libinit2.o)
    0x08000214   0x08000214   0x00000000   Code   RO         2399    .ARM.Collect$$libinit$$00000013  c_w.l(libinit2.o)
    0x08000214   0x08000214   0x00000000   Code   RO         2401    .ARM.Collect$$libinit$$00000015  c_w.l(libinit2.o)
    0x08000214   0x08000214   0x00000000   Code   RO         2403    .ARM.Collect$$libinit$$00000017  c_w.l(libinit2.o)
    0x08000214   0x08000214   0x00000000   Code   RO         2405    .ARM.Collect$$libinit$$00000019  c_w.l(libinit2.o)
    0x08000214   0x08000214   0x00000000   Code   RO         2407    .ARM.Collect$$libinit$$0000001B  c_w.l(libinit2.o)
    0x08000214   0x08000214   0x00000000   Code   RO         2409    .ARM.Collect$$libinit$$0000001D  c_w.l(libinit2.o)
    0x08000214   0x08000214   0x00000000   Code   RO         2411    .ARM.Collect$$libinit$$0000001F  c_w.l(libinit2.o)
    0x08000214   0x08000214   0x00000000   Code   RO         2413    .ARM.Collect$$libinit$$00000021  c_w.l(libinit2.o)
    0x08000214   0x08000214   0x00000000   Code   RO         2415    .ARM.Collect$$libinit$$00000023  c_w.l(libinit2.o)
    0x08000214   0x08000214   0x00000004   Code   RO         2416    .ARM.Collect$$libinit$$00000024  c_w.l(libinit2.o)
    0x08000218   0x08000218   0x00000000   Code   RO         2417    .ARM.Collect$$libinit$$00000025  c_w.l(libinit2.o)
    0x08000218   0x08000218   0x00000000   Code   RO         2421    .ARM.Collect$$libinit$$0000002C  c_w.l(libinit2.o)
    0x08000218   0x08000218   0x00000000   Code   RO         2423    .ARM.Collect$$libinit$$0000002E  c_w.l(libinit2.o)
    0x08000218   0x08000218   0x00000000   Code   RO         2425    .ARM.Collect$$libinit$$00000030  c_w.l(libinit2.o)
    0x08000218   0x08000218   0x00000000   Code   RO         2427    .ARM.Collect$$libinit$$00000032  c_w.l(libinit2.o)
    0x08000218   0x08000218   0x00000002   Code   RO         2428    .ARM.Collect$$libinit$$00000033  c_w.l(libinit2.o)
    0x0800021a   0x0800021a   0x00000002   Code   RO         2571    .ARM.Collect$$libshutdown$$00000000  c_w.l(libshutdown.o)
    0x0800021c   0x0800021c   0x00000000   Code   RO         2430    .ARM.Collect$$libshutdown$$00000002  c_w.l(libshutdown2.o)
    0x0800021c   0x0800021c   0x00000004   Code   RO         2431    .ARM.Collect$$libshutdown$$00000003  c_w.l(libshutdown2.o)
    0x08000220   0x08000220   0x00000000   Code   RO         2432    .ARM.Collect$$libshutdown$$00000004  c_w.l(libshutdown2.o)
    0x08000220   0x08000220   0x00000000   Code   RO         2435    .ARM.Collect$$libshutdown$$00000007  c_w.l(libshutdown2.o)
    0x08000220   0x08000220   0x00000000   Code   RO         2438    .ARM.Collect$$libshutdown$$0000000A  c_w.l(libshutdown2.o)
    0x08000220   0x08000220   0x00000000   Code   RO         2440    .ARM.Collect$$libshutdown$$0000000C  c_w.l(libshutdown2.o)
    0x08000220   0x08000220   0x00000000   Code   RO         2443    .ARM.Collect$$libshutdown$$0000000F  c_w.l(libshutdown2.o)
    0x08000220   0x08000220   0x00000002   Code   RO         2444    .ARM.Collect$$libshutdown$$00000010  c_w.l(libshutdown2.o)
    0x08000222   0x08000222   0x00000000   Code   RO         2240    .ARM.Collect$$rtentry$$00000000  c_w.l(__rtentry.o)
    0x08000222   0x08000222   0x00000000   Code   RO         2261    .ARM.Collect$$rtentry$$00000002  c_w.l(__rtentry2.o)
    0x08000222   0x08000222   0x00000006   Code   RO         2273    .ARM.Collect$$rtentry$$00000004  c_w.l(__rtentry4.o)
    0x08000228   0x08000228   0x00000000   Code   RO         2263    .ARM.Collect$$rtentry$$00000009  c_w.l(__rtentry2.o)
    0x08000228   0x08000228   0x00000004   Code   RO         2264    .ARM.Collect$$rtentry$$0000000A  c_w.l(__rtentry2.o)
    0x0800022c   0x0800022c   0x00000000   Code   RO         2266    .ARM.Collect$$rtentry$$0000000C  c_w.l(__rtentry2.o)
    0x0800022c   0x0800022c   0x00000008   Code   RO         2267    .ARM.Collect$$rtentry$$0000000D  c_w.l(__rtentry2.o)
    0x08000234   0x08000234   0x00000002   Code   RO         2450    .ARM.Collect$$rtexit$$00000000  c_w.l(rtexit.o)
    0x08000236   0x08000236   0x00000000   Code   RO         2506    .ARM.Collect$$rtexit$$00000002  c_w.l(rtexit2.o)
    0x08000236   0x08000236   0x00000004   Code   RO         2507    .ARM.Collect$$rtexit$$00000003  c_w.l(rtexit2.o)
    0x0800023a   0x0800023a   0x00000006   Code   RO         2508    .ARM.Collect$$rtexit$$00000004  c_w.l(rtexit2.o)
    0x08000240   0x08000240   0x000000be   Code   RO         1122    .emb_text           port.o
    0x080002fe   0x080002fe   0x00000002   PAD
    0x08000300   0x08000300   0x00000000   Code   RO         2512    .emb_text           c_w.l(maybetermalloc1.o)
    0x08000300   0x08000300   0x00000040   Code   RO         2151    .text               startup_stm32f407xx.o
    0x08000340   0x08000340   0x00000018   Code   RO         2198    .text               c_w.l(noretval__2printf.o)
    0x08000358   0x08000358   0x00000068   Code   RO         2200    .text               c_w.l(__printf.o)
    0x080003c0   0x080003c0   0x00000052   Code   RO         2202    .text               c_w.l(_printf_str.o)
    0x08000412   0x08000412   0x0000008a   Code   RO         2226    .text               c_w.l(rt_memcpy_v6.o)
    0x0800049c   0x0800049c   0x00000010   Code   RO         2230    .text               c_w.l(aeabi_memset.o)
    0x080004ac   0x080004ac   0x0000004e   Code   RO         2232    .text               c_w.l(rt_memclr_w.o)
    0x080004fa   0x080004fa   0x00000002   PAD
    0x080004fc   0x080004fc   0x00000080   Code   RO         2234    .text               c_w.l(strcmpv7m.o)
    0x0800057c   0x0800057c   0x00000006   Code   RO         2236    .text               c_w.l(heapauxi.o)
    0x08000582   0x08000582   0x0000002c   Code   RO         2245    .text               c_w.l(_printf_char.o)
    0x080005ae   0x080005ae   0x00000002   PAD
    0x080005b0   0x080005b0   0x00000024   Code   RO         2247    .text               c_w.l(_printf_char_file.o)
    0x080005d4   0x080005d4   0x00000064   Code   RO         2256    .text               c_w.l(rt_memcpy_w.o)
    0x08000638   0x08000638   0x00000044   Code   RO         2258    .text               c_w.l(rt_memclr.o)
    0x0800067c   0x0800067c   0x00000030   Code   RO         2277    .text               c_w.l(_printf_char_common.o)
    0x080006ac   0x080006ac   0x00000008   Code   RO         2279    .text               c_w.l(ferror.o)
    0x080006b4   0x080006b4   0x00000138   Code   RO         2285    .text               c_w.l(initio.o)
    0x080007ec   0x080007ec   0x0000004a   Code   RO         2295    .text               c_w.l(sys_stackheap_outer.o)
    0x08000836   0x08000836   0x0000004e   Code   RO         2299    .text               c_w.l(h1_free.o)
    0x08000884   0x08000884   0x000001d6   Code   RO         2355    .text               c_w.l(flsbuf.o)
    0x08000a5a   0x08000a5a   0x00000046   Code   RO         2357    .text               c_w.l(setvbuf.o)
    0x08000aa0   0x08000aa0   0x000000ec   Code   RO         2360    .text               c_w.l(fopen.o)
    0x08000b8c   0x08000b8c   0x0000004c   Code   RO         2362    .text               c_w.l(fclose.o)
    0x08000bd8   0x08000bd8   0x00000012   Code   RO         2368    .text               c_w.l(exit.o)
    0x08000bea   0x08000bea   0x0000000e   Code   RO         2374    .text               c_w.l(defsig_rtred_outer.o)
    0x08000bf8   0x08000bf8   0x00000008   Code   RO         2447    .text               c_w.l(libspace.o)
    0x08000c00   0x08000c00   0x00000008   Code   RO         2457    .text               c_w.l(rt_heap_descriptor_intlibspace.o)
    0x08000c08   0x08000c08   0x00000004   Code   RO         2459    .text               c_w.l(hguard.o)
    0x08000c0c   0x08000c0c   0x0000008a   Code   RO         2461    .text               c_w.l(init_alloc.o)
    0x08000c96   0x08000c96   0x0000005e   Code   RO         2467    .text               c_w.l(h1_alloc.o)
    0x08000cf4   0x08000cf4   0x000000f8   Code   RO         2483    .text               c_w.l(fseek.o)
    0x08000dec   0x08000dec   0x000000f0   Code   RO         2485    .text               c_w.l(stdio.o)
    0x08000edc   0x08000edc   0x0000000a   Code   RO         2491    .text               c_w.l(defsig_exit.o)
    0x08000ee6   0x08000ee6   0x00000002   PAD
    0x08000ee8   0x08000ee8   0x00000034   Code   RO         2495    .text               c_w.l(defsig_rtred_inner.o)
    0x08000f1c   0x08000f1c   0x0000000c   Code   RO         2503    .text               c_w.l(sys_exit.o)
    0x08000f28   0x08000f28   0x0000000e   Code   RO         2514    .text               c_w.l(h1_init.o)
    0x08000f36   0x08000f36   0x00000034   Code   RO         2516    .text               c_w.l(h1_extend.o)
    0x08000f6a   0x08000f6a   0x00000042   Code   RO         2526    .text               c_w.l(ftell.o)
    0x08000fac   0x08000fac   0x00000032   Code   RO         2534    .text               c_w.l(defsig_general.o)
    0x08000fde   0x08000fde   0x0000000e   Code   RO         2536    .text               c_w.l(defsig_rtmem_outer.o)
    0x08000fec   0x08000fec   0x0000000e   Code   RO         2549    .text               c_w.l(sys_wrch.o)
    0x08000ffa   0x08000ffa   0x00000002   Code   RO         2553    .text               c_w.l(use_no_semi.o)
    0x08000ffc   0x08000ffc   0x00000000   Code   RO         2555    .text               c_w.l(indicate_semi.o)
    0x08000ffc   0x08000ffc   0x00000008   Code   RO         2559    .text               c_w.l(rt_errno_addr_intlibspace.o)
    0x08001004   0x08001004   0x00000050   Code   RO         2565    .text               c_w.l(defsig_rtmem_inner.o)
    0x08001054   0x08001054   0x00000030   Code   RO         1348    i.ITM_SendChar      retarget_io.o
    0x08001084   0x08001084   0x00000034   Code   RO         1123    i.SysTick_Handler   port.o
    0x080010b8   0x080010b8   0x000000c0   Code   RO         2158    i.SystemCoreClockUpdate  system_stm32f4xx.o
    0x08001178   0x08001178   0x00000064   Code   RO         2159    i.SystemInit        system_stm32f4xx.o
    0x080011dc   0x080011dc   0x00000026   Code   RO         1349    i._sys_close        retarget_io.o
    0x08001202   0x08001202   0x00000024   Code   RO         1350    i._sys_flen         retarget_io.o
    0x08001226   0x08001226   0x00000024   Code   RO         1351    i._sys_istty        retarget_io.o
    0x0800124a   0x0800124a   0x00000002   PAD
    0x0800124c   0x0800124c   0x00000068   Code   RO         1352    i._sys_open         retarget_io.o
    0x080012b4   0x080012b4   0x0000002c   Code   RO         1354    i._sys_seek         retarget_io.o
    0x080012e0   0x080012e0   0x00000046   Code   RO         1355    i._sys_write        retarget_io.o
    0x08001326   0x08001326   0x0000001a   Code   RO         2282    i.fputc             c_w.l(fputc.o)
    0x08001340   0x08001340   0x00000088   Code   RO         1203    i.main              main.o
    0x080013c8   0x080013c8   0x00000098   Code   RO          567    i.prvAddCurrentTaskToDelayedList  tasks.o
    0x08001460   0x08001460   0x000000b8   Code   RO          568    i.prvAddNewTaskToReadyList  tasks.o
    0x08001518   0x08001518   0x00000064   Code   RO          919    i.prvCheckForValidListAndQueue  timers.o
    0x0800157c   0x0800157c   0x00000048   Code   RO          569    i.prvCheckTasksWaitingTermination  tasks.o
    0x080015c4   0x080015c4   0x0000002a   Code   RO          190    i.prvCopyDataFromQueue  queue.o
    0x080015ee   0x080015ee   0x0000007e   Code   RO          191    i.prvCopyDataToQueue  queue.o
    0x0800166c   0x0800166c   0x00000012   Code   RO          570    i.prvDeleteTCB      tasks.o
    0x0800167e   0x0800167e   0x00000002   PAD
    0x08001680   0x08001680   0x00000028   Code   RO          920    i.prvGetNextExpireTime  timers.o
    0x080016a8   0x080016a8   0x0000007c   Code   RO         1073    i.prvHeapInit       heap_4.o
    0x08001724   0x08001724   0x00000028   Code   RO          571    i.prvIdleTask       tasks.o
    0x0800174c   0x0800174c   0x0000002a   Code   RO          194    i.prvInitialiseNewQueue  queue.o
    0x08001776   0x08001776   0x000000c0   Code   RO          572    i.prvInitialiseNewTask  tasks.o
    0x08001836   0x08001836   0x00000002   PAD
    0x08001838   0x08001838   0x00000068   Code   RO          573    i.prvInitialiseTaskLists  tasks.o
    0x080018a0   0x080018a0   0x00000068   Code   RO         1074    i.prvInsertBlockIntoFreeList  heap_4.o
    0x08001908   0x08001908   0x00000058   Code   RO          922    i.prvInsertTimerInActiveList  timers.o
    0x08001960   0x08001960   0x0000001a   Code   RO          195    i.prvIsQueueEmpty   queue.o
    0x0800197a   0x0800197a   0x0000001e   Code   RO          196    i.prvIsQueueFull    queue.o
    0x08001998   0x08001998   0x00000074   Code   RO          923    i.prvProcessExpiredTimer  timers.o
    0x08001a0c   0x08001a0c   0x0000013c   Code   RO          924    i.prvProcessReceivedCommands  timers.o
    0x08001b48   0x08001b48   0x00000074   Code   RO          925    i.prvProcessTimerOrBlockTask  timers.o
    0x08001bbc   0x08001bbc   0x00000034   Code   RO          575    i.prvResetNextTaskUnblockTime  tasks.o
    0x08001bf0   0x08001bf0   0x0000002c   Code   RO          926    i.prvSampleTimeNow  timers.o
    0x08001c1c   0x08001c1c   0x000000a4   Code   RO          927    i.prvSwitchTimerLists  timers.o
    0x08001cc0   0x08001cc0   0x00000044   Code   RO         1124    i.prvTaskExitError  port.o
    0x08001d04   0x08001d04   0x0000001a   Code   RO          928    i.prvTimerTask      timers.o
    0x08001d1e   0x08001d1e   0x0000007e   Code   RO          197    i.prvUnlockQueue    queue.o
    0x08001d9c   0x08001d9c   0x0000014c   Code   RO         1075    i.pvPortMalloc      heap_4.o
    0x08001ee8   0x08001ee8   0x0000002c   Code   RO         1125    i.pxPortInitialiseStack  port.o
    0x08001f14   0x08001f14   0x0000000c   Code   RO         1356    i.stdout_putchar    retarget_io.o
    0x08001f20   0x08001f20   0x00000028   Code   RO          150    i.uxListRemove      list.o
    0x08001f48   0x08001f48   0x00000004   Code   RO         1205    i.vApplicationMallocFailedHook  main.o
    0x08001f4c   0x08001f4c   0x0000001a   Code   RO          151    i.vListInitialise   list.o
    0x08001f66   0x08001f66   0x00000006   Code   RO          152    i.vListInitialiseItem  list.o
    0x08001f6c   0x08001f6c   0x00000034   Code   RO          153    i.vListInsert       list.o
    0x08001fa0   0x08001fa0   0x00000018   Code   RO          154    i.vListInsertEnd    list.o
    0x08001fb8   0x08001fb8   0x00000058   Code   RO         1127    i.vPortEnterCritical  port.o
    0x08002010   0x08002010   0x00000040   Code   RO         1128    i.vPortExitCritical  port.o
    0x08002050   0x08002050   0x00000098   Code   RO         1076    i.vPortFree         heap_4.o
    0x080020e8   0x080020e8   0x00000028   Code   RO         1129    i.vPortSetupTimerInterrupt  port.o
    0x08002110   0x08002110   0x0000007c   Code   RO         1130    i.vPortValidateInterruptPriority  port.o
    0x0800218c   0x0800218c   0x0000002c   Code   RO          203    i.vQueueAddToRegistry  queue.o
    0x080021b8   0x080021b8   0x0000004a   Code   RO          207    i.vQueueWaitForMessageRestricted  queue.o
    0x08002202   0x08002202   0x00000002   PAD
    0x08002204   0x08002204   0x00000040   Code   RO         1208    i.vTask1            main.o
    0x08002244   0x08002244   0x00000040   Code   RO         1209    i.vTask2            main.o
    0x08002284   0x08002284   0x00000018   Code   RO          591    i.vTaskInternalSetTimeOutState  tasks.o
    0x0800229c   0x0800229c   0x0000000c   Code   RO          592    i.vTaskMissedYield  tasks.o
    0x080022a8   0x080022a8   0x0000003c   Code   RO          594    i.vTaskPlaceOnEventList  tasks.o
    0x080022e4   0x080022e4   0x00000044   Code   RO          595    i.vTaskPlaceOnEventListRestricted  tasks.o
    0x08002328   0x08002328   0x00000094   Code   RO          603    i.vTaskStartScheduler  tasks.o
    0x080023bc   0x080023bc   0x00000010   Code   RO          605    i.vTaskSuspendAll   tasks.o
    0x080023cc   0x080023cc   0x0000008c   Code   RO          606    i.vTaskSwitchContext  tasks.o
    0x08002458   0x08002458   0x00000170   Code   RO         1131    i.xPortStartScheduler  port.o
    0x080025c8   0x080025c8   0x0000005c   Code   RO          210    i.xQueueGenericCreate  queue.o
    0x08002624   0x08002624   0x00000098   Code   RO          211    i.xQueueGenericReset  queue.o
    0x080026bc   0x080026bc   0x000001b0   Code   RO          212    i.xQueueGenericSend  queue.o
    0x0800286c   0x0800286c   0x000000fe   Code   RO          213    i.xQueueGenericSendFromISR  queue.o
    0x0800296a   0x0800296a   0x00000002   PAD
    0x0800296c   0x0800296c   0x00000170   Code   RO          220    i.xQueueReceive     queue.o
    0x08002adc   0x08002adc   0x00000090   Code   RO          607    i.xTaskCheckForTimeOut  tasks.o
    0x08002b6c   0x08002b6c   0x00000060   Code   RO          608    i.xTaskCreate       tasks.o
    0x08002bcc   0x08002bcc   0x00000020   Code   RO          612    i.xTaskGetSchedulerState  tasks.o
    0x08002bec   0x08002bec   0x0000000c   Code   RO          613    i.xTaskGetTickCount  tasks.o
    0x08002bf8   0x08002bf8   0x00000148   Code   RO          615    i.xTaskIncrementTick  tasks.o
    0x08002d40   0x08002d40   0x000000cc   Code   RO          618    i.xTaskPriorityDisinherit  tasks.o
    0x08002e0c   0x08002e0c   0x0000009c   Code   RO          620    i.xTaskRemoveFromEventList  tasks.o
    0x08002ea8   0x08002ea8   0x00000108   Code   RO          621    i.xTaskResumeAll    tasks.o
    0x08002fb0   0x08002fb0   0x00000058   Code   RO          935    i.xTimerCreateTimerTask  timers.o
    0x08003008   0x08003008   0x00000084   Code   RO          936    i.xTimerGenericCommand  timers.o
    0x0800308c   0x0800308c   0x0000000a   Code   RO         2501    x$fpl$fpinit        fz_wm.l(fpinit.o)
    0x08003096   0x08003096   0x00000017   Data   RO         1357    .constdata          retarget_io.o
    0x080030ad   0x080030ad   0x00000018   Data   RO         2160    .constdata          system_stm32f4xx.o
    0x080030c5   0x080030c5   0x00000003   PAD
    0x080030c8   0x080030c8   0x00000020   Data   RO         2588    Region$$Table       anon$$obj.o


    Execution Region RW_IRAM1 (Exec base: 0x20000000, Load base: 0x080030e8, Size: 0x0000a910, Max: 0x00020000, ABSOLUTE)

    Exec Addr    Load Addr    Size         Type   Attr      Idx    E Section Name        Object

    0x20000000   0x080030e8   0x0000003c   Data   RW          624    .data               tasks.o
    0x2000003c   0x08003124   0x00000014   Data   RW          942    .data               timers.o
    0x20000050   0x08003138   0x00000018   Data   RW         1081    .data               heap_4.o
    0x20000068   0x08003150   0x0000000c   Data   RW         1132    .data               port.o
    0x20000074   0x0800315c   0x00000004   Data   RW         2161    .data               system_stm32f4xx.o
    0x20000078   0x08003160   0x00000004   Data   RW         2253    .data               c_w.l(stdio_streams.o)
    0x2000007c   0x08003164   0x00000004   Data   RW         2254    .data               c_w.l(stdio_streams.o)
    0x20000080   0x08003168   0x00000004   Data   RW         2255    .data               c_w.l(stdio_streams.o)
    0x20000084        -       0x00000040   Zero   RW          224    .bss                queue.o
    0x200000c4        -       0x000000c8   Zero   RW          623    .bss                tasks.o
    0x2000018c        -       0x00000028   Zero   RW          941    .bss                timers.o
    0x200001b4        -       0x0000a000   Zero   RW         1080    .bss                heap_4.o
    0x2000a1b4        -       0x00000054   Zero   RW         2250    .bss                c_w.l(stdio_streams.o)
    0x2000a208        -       0x00000054   Zero   RW         2251    .bss                c_w.l(stdio_streams.o)
    0x2000a25c        -       0x00000054   Zero   RW         2252    .bss                c_w.l(stdio_streams.o)
    0x2000a2b0        -       0x00000060   Zero   RW         2448    .bss                c_w.l(libspace.o)
    0x2000a310        -       0x00000200   Zero   RW         2149    HEAP                startup_stm32f407xx.o
    0x2000a510        -       0x00000400   Zero   RW         2148    STACK               startup_stm32f407xx.o


==============================================================================

Image component sizes


      Code (inc. data)   RO Data    RW Data    ZI Data      Debug   Object Name

         0          0          0          0          0      12108   croutine.o
         0          0          0          0          0       9908   event_groups.o
       712         62          0         24      40960       5499   heap_4.o
       148          0          0          0          0       3958   list.o
       268        128          0          0          0       2348   main.o
      1038         98          0         12          0      13333   port.o
      1808         20          0          0         64      18218   queue.o
       388         30         23          0          0       6922   retarget_io.o
        64         26        392          0       1536        932   startup_stm32f407xx.o
       292         40         24          4          0       2451   system_stm32f4xx.o
      2518        340          0         60        200      26697   tasks.o
      1230        108          0         20         40      24887   timers.o

    ----------------------------------------------------------------------
      8478        852        474        120      42800     127261   Object Totals
         0          0         32          0          0          0   (incl. Generated)
        12          0          3          0          0          0   (incl. Padding)

    ----------------------------------------------------------------------

      Code (inc. data)   RO Data    RW Data    ZI Data      Debug   Library Member Name

         8          0          0          0          0         68   __main.o
       104          0          0          0          0         84   __printf.o
         0          0          0          0          0          0   __rtentry.o
        12          0          0          0          0          0   __rtentry2.o
         6          0          0          0          0          0   __rtentry4.o
        52          8          0          0          0          0   __scatter.o
        26          0          0          0          0          0   __scatter_copy.o
        28          0          0          0          0          0   __scatter_zi.o
        44          0          0          0          0        108   _printf_char.o
        48          6          0          0          0         96   _printf_char_common.o
        36          4          0          0          0         80   _printf_char_file.o
         0          0          0          0          0          0   _printf_percent.o
         4          0          0          0          0          0   _printf_percent_end.o
         6          0          0          0          0          0   _printf_s.o
        82          0          0          0          0         80   _printf_str.o
        16          0          0          0          0         68   aeabi_memset.o
        10          0          0          0          0         68   defsig_exit.o
        50          0          0          0          0         88   defsig_general.o
        80         58          0          0          0         76   defsig_rtmem_inner.o
        14          0          0          0          0         80   defsig_rtmem_outer.o
        52         38          0          0          0         76   defsig_rtred_inner.o
        14          0          0          0          0         80   defsig_rtred_outer.o
        18          0          0          0          0         80   exit.o
        76          0          0          0          0         88   fclose.o
         8          0          0          0          0         68   ferror.o
       470          0          0          0          0         88   flsbuf.o
       236          4          0          0          0        128   fopen.o
        26          0          0          0          0         68   fputc.o
       248          6          0          0          0         84   fseek.o
        66          0          0          0          0         76   ftell.o
        94          0          0          0          0         80   h1_alloc.o
        52          0          0          0          0         68   h1_extend.o
        78          0          0          0          0         80   h1_free.o
        14          0          0          0          0         84   h1_init.o
         6          0          0          0          0        152   heapauxi.o
         4          0          0          0          0        136   hguard.o
         0          0          0          0          0          0   indicate_semi.o
       138          0          0          0          0        168   init_alloc.o
       312         46          0          0          0        112   initio.o
         2          0          0          0          0          0   libinit.o
        18          0          0          0          0          0   libinit2.o
         2          0          0          0          0          0   libshutdown.o
         6          0          0          0          0          0   libshutdown2.o
         8          4          0          0         96         68   libspace.o
         0          0          0          0          0          0   maybetermalloc1.o
        24          4          0          0          0         84   noretval__2printf.o
         8          4          0          0          0         68   rt_errno_addr_intlibspace.o
         8          4          0          0          0         68   rt_heap_descriptor_intlibspace.o
        68          0          0          0          0         68   rt_memclr.o
        78          0          0          0          0         80   rt_memclr_w.o
       138          0          0          0          0         68   rt_memcpy_v6.o
       100          0          0          0          0         80   rt_memcpy_w.o
         2          0          0          0          0          0   rtexit.o
        10          0          0          0          0          0   rtexit2.o
        70          0          0          0          0         80   setvbuf.o
       240          6          0          0          0        156   stdio.o
         0          0          0         12        252          0   stdio_streams.o
       128          0          0          0          0         68   strcmpv7m.o
        12          4          0          0          0         68   sys_exit.o
        74          0          0          0          0         80   sys_stackheap_outer.o
        14          0          0          0          0         76   sys_wrch.o
         2          0          0          0          0         68   use_no_semi.o
        10          0          0          0          0        116   fpinit.o

    ----------------------------------------------------------------------
      3568        196          0         12        348       3908   Library Totals
         8          0          0          0          0          0   (incl. Padding)

    ----------------------------------------------------------------------

      Code (inc. data)   RO Data    RW Data    ZI Data      Debug   Library Name

      3550        196          0         12        348       3792   c_w.l
        10          0          0          0          0        116   fz_wm.l

    ----------------------------------------------------------------------
      3568        196          0         12        348       3908   Library Totals

    ----------------------------------------------------------------------

==============================================================================


      Code (inc. data)   RO Data    RW Data    ZI Data      Debug   

     12046       1048        474        132      43148     121637   Grand Totals
     12046       1048        474        132      43148     121637   ELF Image Totals
     12046       1048        474        132          0          0   ROM Totals

==============================================================================

    Total RO  Size (Code + RO Data)                12520 (  12.23kB)
    Total RW  Size (RW Data + ZI Data)             43280 (  42.27kB)
    Total ROM Size (Code + RO Data + RW Data)      12652 (  12.36kB)

==============================================================================

